Component: ARM Compiler 5.06 update 6 (build 750) Tool: armlink [4d35ed]

==============================================================================

Section Cross References

    startup_stm32f429xx.o(RESET) refers to startup_stm32f429xx.o(STACK) for __initial_sp
    startup_stm32f429xx.o(RESET) refers to startup_stm32f429xx.o(.text) for Reset_Handler
    startup_stm32f429xx.o(RESET) refers to stm32f4xx_it.o(i.NMI_Handler) for NMI_Handler
    startup_stm32f429xx.o(RESET) refers to stm32f4xx_it.o(i.HardFault_Handler) for HardFault_Handler
    startup_stm32f429xx.o(RESET) refers to stm32f4xx_it.o(i.MemManage_Handler) for MemManage_Handler
    startup_stm32f429xx.o(RESET) refers to stm32f4xx_it.o(i.BusFault_Handler) for BusFault_Handler
    startup_stm32f429xx.o(RESET) refers to stm32f4xx_it.o(i.UsageFault_Handler) for UsageFault_Handler
    startup_stm32f429xx.o(RESET) refers to port.o(.emb_text) for SVC_Handler
    startup_stm32f429xx.o(RESET) refers to stm32f4xx_it.o(i.DebugMon_Handler) for DebugMon_Handler
    startup_stm32f429xx.o(RESET) refers to cmsis_os2.o(i.SysTick_Handler) for SysTick_Handler
    startup_stm32f429xx.o(RESET) refers to stm32f4xx_it.o(i.TIM6_DAC_IRQHandler) for TIM6_DAC_IRQHandler
    startup_stm32f429xx.o(.text) refers to system_stm32f4xx.o(i.SystemInit) for SystemInit
    startup_stm32f429xx.o(.text) refers to entry.o(.ARM.Collect$$$$00000000) for __main
    system_stm32f4xx.o(i.SystemCoreClockUpdate) refers to system_stm32f4xx.o(.data) for SystemCoreClock
    system_stm32f4xx.o(i.SystemCoreClockUpdate) refers to system_stm32f4xx.o(.constdata) for AHBPrescTable
    stm32f4xx_hal.o(i.HAL_DeInit) refers to stm32f4xx_hal_msp.o(i.HAL_MspDeInit) for HAL_MspDeInit
    stm32f4xx_hal.o(i.HAL_Delay) refers to stm32f4xx_hal.o(i.HAL_GetTick) for HAL_GetTick
    stm32f4xx_hal.o(i.HAL_Delay) refers to stm32f4xx_hal.o(.data) for uwTickFreq
    stm32f4xx_hal.o(i.HAL_GetTick) refers to stm32f4xx_hal.o(.data) for uwTick
    stm32f4xx_hal.o(i.HAL_GetTickFreq) refers to stm32f4xx_hal.o(.data) for uwTickFreq
    stm32f4xx_hal.o(i.HAL_GetTickPrio) refers to stm32f4xx_hal.o(.data) for uwTickPrio
    stm32f4xx_hal.o(i.HAL_IncTick) refers to stm32f4xx_hal.o(.data) for uwTick
    stm32f4xx_hal.o(i.HAL_Init) refers to stm32f4xx_hal_cortex.o(i.HAL_NVIC_SetPriorityGrouping) for HAL_NVIC_SetPriorityGrouping
    stm32f4xx_hal.o(i.HAL_Init) refers to stm32f4xx_hal.o(i.HAL_InitTick) for HAL_InitTick
    stm32f4xx_hal.o(i.HAL_Init) refers to stm32f4xx_hal_msp.o(i.HAL_MspInit) for HAL_MspInit
    stm32f4xx_hal.o(i.HAL_InitTick) refers to stm32f4xx_hal_cortex.o(i.HAL_SYSTICK_Config) for HAL_SYSTICK_Config
    stm32f4xx_hal.o(i.HAL_InitTick) refers to stm32f4xx_hal_cortex.o(i.HAL_NVIC_SetPriority) for HAL_NVIC_SetPriority
    stm32f4xx_hal.o(i.HAL_InitTick) refers to stm32f4xx_hal.o(.data) for uwTickFreq
    stm32f4xx_hal.o(i.HAL_InitTick) refers to system_stm32f4xx.o(.data) for SystemCoreClock
    stm32f4xx_hal.o(i.HAL_SetTickFreq) refers to stm32f4xx_hal.o(i.HAL_InitTick) for HAL_InitTick
    stm32f4xx_hal.o(i.HAL_SetTickFreq) refers to stm32f4xx_hal.o(.data) for uwTickFreq
    stm32f4xx_hal_cortex.o(i.HAL_NVIC_GetPriorityGrouping) refers to stm32f4xx_hal_cortex.o(i.__NVIC_GetPriorityGrouping) for __NVIC_GetPriorityGrouping
    stm32f4xx_hal_cortex.o(i.HAL_NVIC_SetPriority) refers to stm32f4xx_hal_cortex.o(i.__NVIC_GetPriorityGrouping) for __NVIC_GetPriorityGrouping
    stm32f4xx_hal_cortex.o(i.HAL_NVIC_SetPriority) refers to stm32f4xx_hal_cortex.o(i.__NVIC_SetPriority) for __NVIC_SetPriority
    stm32f4xx_hal_cortex.o(i.HAL_SYSTICK_Config) refers to stm32f4xx_hal_cortex.o(i.__NVIC_SetPriority) for __NVIC_SetPriority
    stm32f4xx_hal_cortex.o(i.HAL_SYSTICK_IRQHandler) refers to stm32f4xx_hal_cortex.o(i.HAL_SYSTICK_Callback) for HAL_SYSTICK_Callback
    stm32f4xx_hal_gpio.o(i.HAL_GPIO_EXTI_IRQHandler) refers to stm32f4xx_hal_gpio.o(i.HAL_GPIO_EXTI_Callback) for HAL_GPIO_EXTI_Callback
    stm32f4xx_hal_pwr.o(i.HAL_PWR_PVD_IRQHandler) refers to stm32f4xx_hal_pwr.o(i.HAL_PWR_PVDCallback) for HAL_PWR_PVDCallback
    stm32f4xx_hal_pwr_ex.o(i.HAL_PWREx_ControlVoltageScaling) refers to stm32f4xx_hal.o(i.HAL_GetTick) for HAL_GetTick
    stm32f4xx_hal_pwr_ex.o(i.HAL_PWREx_DisableBkUpReg) refers to stm32f4xx_hal.o(i.HAL_GetTick) for HAL_GetTick
    stm32f4xx_hal_pwr_ex.o(i.HAL_PWREx_DisableOverDrive) refers to stm32f4xx_hal.o(i.HAL_GetTick) for HAL_GetTick
    stm32f4xx_hal_pwr_ex.o(i.HAL_PWREx_EnableBkUpReg) refers to stm32f4xx_hal.o(i.HAL_GetTick) for HAL_GetTick
    stm32f4xx_hal_pwr_ex.o(i.HAL_PWREx_EnableOverDrive) refers to stm32f4xx_hal.o(i.HAL_GetTick) for HAL_GetTick
    stm32f4xx_hal_rcc.o(i.HAL_RCC_ClockConfig) refers to stm32f4xx_hal.o(i.HAL_GetTick) for HAL_GetTick
    stm32f4xx_hal_rcc.o(i.HAL_RCC_ClockConfig) refers to stm32f4xx_hal_rcc.o(i.HAL_RCC_GetSysClockFreq) for HAL_RCC_GetSysClockFreq
    stm32f4xx_hal_rcc.o(i.HAL_RCC_ClockConfig) refers to stm32f4xx_hal.o(i.HAL_InitTick) for HAL_InitTick
[...]
    Removing tasks.o(i.pvTaskIncrementMutexHeldCount), (20 bytes).
    Removing tasks.o(i.ulTaskGenericNotifyTake), (204 bytes).
    Removing tasks.o(i.ulTaskGenericNotifyValueClear), (96 bytes).
    Removing tasks.o(i.uxTaskBasePriorityGet), (36 bytes).
    Removing tasks.o(i.uxTaskBasePriorityGetFromISR), (68 bytes).
    Removing tasks.o(i.uxTaskGetNumberOfTasks), (12 bytes).
    Removing tasks.o(i.uxTaskGetStackHighWaterMark), (40 bytes).
    Removing tasks.o(i.uxTaskGetSystemState), (176 bytes).
    Removing tasks.o(i.uxTaskGetTaskNumber), (14 bytes).
    Removing tasks.o(i.uxTaskPriorityGet), (36 bytes).
    Removing tasks.o(i.uxTaskPriorityGetFromISR), (68 bytes).
    Removing tasks.o(i.uxTaskResetEventItemValue), (28 bytes).
    Removing tasks.o(i.vTaskDelay), (92 bytes).
    Removing tasks.o(i.vTaskDelete), (228 bytes).
    Removing tasks.o(i.vTaskEndScheduler), (76 bytes).
    Removing tasks.o(i.vTaskGenericNotifyGiveFromISR), (412 bytes).
    Removing tasks.o(i.vTaskGetInfo), (204 bytes).
    Removing tasks.o(i.vTaskPlaceOnUnorderedEventList), (148 bytes).
    Removing tasks.o(i.vTaskPriorityDisinheritAfterTimeout), (268 bytes).
    Removing tasks.o(i.vTaskPrioritySet), (336 bytes).
    Removing tasks.o(i.vTaskRemoveFromUnorderedEventList), (288 bytes).
    Removing tasks.o(i.vTaskResetState), (116 bytes).
    Removing tasks.o(i.vTaskResume), (212 bytes).
    Removing tasks.o(i.vTaskSetTaskNumber), (8 bytes).
    Removing tasks.o(i.vTaskSetTimeOutState), (60 bytes).
    Removing tasks.o(i.vTaskSuspend), (216 bytes).
    Removing tasks.o(i.xTaskCatchUpTicks), (80 bytes).
    Removing tasks.o(i.xTaskDelayUntil), (216 bytes).
    Removing tasks.o(i.xTaskGenericNotify), (480 bytes).
    Removing tasks.o(i.xTaskGenericNotifyFromISR), (560 bytes).
    Removing tasks.o(i.xTaskGenericNotifyStateClear), (96 bytes).
    Removing tasks.o(i.xTaskGenericNotifyWait), (240 bytes).
    Removing tasks.o(i.xTaskGetCurrentTaskHandle), (12 bytes).
    Removing tasks.o(i.xTaskGetCurrentTaskHandleForCore), (32 bytes).
    Removing tasks.o(i.xTaskGetStaticBuffers), (128 bytes).
    Removing tasks.o(i.xTaskGetTickCountFromISR), (20 bytes).
    Removing tasks.o(i.xTaskPriorityDisinherit), (228 bytes).
    Removing tasks.o(i.xTaskPriorityInherit), (224 bytes).
    Removing tasks.o(i.xTaskResumeFromISR), (252 bytes).
    Removing timers.o(i.pcTimerGetName), (32 bytes).
    Removing timers.o(i.prvInitialiseNewTimer), (88 bytes).
    Removing timers.o(i.pvTimerGetTimerID), (44 bytes).
    Removing timers.o(i.uxTimerGetReloadMode), (16 bytes).
    Removing timers.o(i.uxTimerGetTimerNumber), (6 bytes).
    Removing timers.o(i.vTimerResetState), (20 bytes).
    Removing timers.o(i.vTimerSetReloadMode), (70 bytes).
    Removing timers.o(i.vTimerSetTimerID), (44 bytes).
    Removing timers.o(i.vTimerSetTimerNumber), (4 bytes).
    Removing timers.o(i.xTimerCreate), (54 bytes).
    Removing timers.o(i.xTimerCreateStatic), (114 bytes).
    Removing timers.o(i.xTimerGenericCommandFromISR), (124 bytes).
    Removing timers.o(i.xTimerGenericCommandFromTask), (148 bytes).
    Removing timers.o(i.xTimerGetExpiryTime), (34 bytes).
    Removing timers.o(i.xTimerGetPeriod), (32 bytes).
    Removing timers.o(i.xTimerGetReloadMode), (58 bytes).
    Removing timers.o(i.xTimerGetStaticBuffer), (58 bytes).
    Removing timers.o(i.xTimerGetTimerDaemonTaskHandle), (48 bytes).
    Removing timers.o(i.xTimerIsTimerActive), (58 bytes).
    Removing timers.o(i.xTimerPendFunctionCall), (80 bytes).
    Removing timers.o(i.xTimerPendFunctionCallFromISR), (52 bytes).
    Removing cmsis_os2.o(.rev16_text), (4 bytes).
    Removing cmsis_os2.o(.revsh_text), (4 bytes).
    Removing cmsis_os2.o(.rrx_text), (6 bytes).
    Removing cmsis_os2.o(i.AllocBlock), (16 bytes).
    Removing cmsis_os2.o(i.CreateBlock), (32 bytes).
    Removing cmsis_os2.o(i.FreeBlock), (10 bytes).
    Removing cmsis_os2.o(i.OS_Tick_GetCount), (12 bytes).
    Removing cmsis_os2.o(i.OS_Tick_GetInterval), (10 bytes).
    Removing cmsis_os2.o(i.OS_Tick_GetOverflow), (12 bytes).
    Removing cmsis_os2.o(i.TimerCallback), (22 bytes).
    Removing cmsis_os2.o(i.osDelay), (30 bytes).
    Removing cmsis_os2.o(i.osDelayUntil), (54 bytes).
    Removing cmsis_os2.o(i.osEventFlagsClear), (70 bytes).
    Removing cmsis_os2.o(i.osEventFlagsDelete), (38 bytes).
    Removing cmsis_os2.o(i.osEventFlagsGet), (42 bytes).
    Removing cmsis_os2.o(i.osEventFlagsNew), (70 bytes).
    Removing cmsis_os2.o(i.osEventFlagsSet), (96 bytes).
    Removing cmsis_os2.o(i.osEventFlagsWait), (144 bytes).
    Removing cmsis_os2.o(i.osKernelGetInfo), (64 bytes).
    Removing cmsis_os2.o(i.osKernelGetState), (52 bytes).
    Removing cmsis_os2.o(i.osKernelGetSysTimerCount), (70 bytes).
    Removing cmsis_os2.o(i.osKernelGetSysTimerFreq), (12 bytes).
    Removing cmsis_os2.o(i.osKernelGetTickCount), (26 bytes).
    Removing cmsis_os2.o(i.osKernelGetTickFreq), (6 bytes).
    Removing cmsis_os2.o(i.osKernelLock), (56 bytes).
    Removing cmsis_os2.o(i.osKernelRestoreLock), (88 bytes).
    Removing cmsis_os2.o(i.osKernelUnlock), (68 bytes).
    Removing cmsis_os2.o(i.osMemoryPoolAlloc), (176 bytes).
    Removing cmsis_os2.o(i.osMemoryPoolDelete), (102 bytes).
    Removing cmsis_os2.o(i.osMemoryPoolFree), (224 bytes).
    Removing cmsis_os2.o(i.osMemoryPoolGetBlockSize), (36 bytes).
    Removing cmsis_os2.o(i.osMemoryPoolGetCapacity), (36 bytes).
    Removing cmsis_os2.o(i.osMemoryPoolGetCount), (64 bytes).
    Removing cmsis_os2.o(i.osMemoryPoolGetName), (28 bytes).
    Removing cmsis_os2.o(i.osMemoryPoolGetSpace), (60 bytes).
    Removing cmsis_os2.o(i.osMemoryPoolNew), (276 bytes).
    Removing cmsis_os2.o(i.osMessageQueueDelete), (38 bytes).
    Removing cmsis_os2.o(i.osMessageQueueGet), (132 bytes).
    Removing cmsis_os2.o(i.osMessageQueueGetCapacity), (14 bytes).
    Removing cmsis_os2.o(i.osMessageQueueGetCount), (40 bytes).
    Removing cmsis_os2.o(i.osMessageQueueGetMsgSize), (14 bytes).
    Removing cmsis_os2.o(i.osMessageQueueGetSpace), (74 bytes).
    Removing cmsis_os2.o(i.osMessageQueueNew), (126 bytes).
    Removing cmsis_os2.o(i.osMessageQueuePut), (136 bytes).
    Removing cmsis_os2.o(i.osMessageQueueReset), (40 bytes).
    Removing cmsis_os2.o(i.osMutexAcquire), (98 bytes).
    Removing cmsis_os2.o(i.osMutexDelete), (40 bytes).
    Removing cmsis_os2.o(i.osMutexGetOwner), (32 bytes).
    Removing cmsis_os2.o(i.osMutexNew), (156 bytes).
    Removing cmsis_os2.o(i.osMutexRelease), (78 bytes).
    Removing cmsis_os2.o(i.osSemaphoreAcquire), (112 bytes).
    Removing cmsis_os2.o(i.osSemaphoreDelete), (38 bytes).
    Removing cmsis_os2.o(i.osSemaphoreGetCount), (40 bytes).
    Removing cmsis_os2.o(i.osSemaphoreNew), (176 bytes).
    Removing cmsis_os2.o(i.osSemaphoreRelease), (96 bytes).
    Removing cmsis_os2.o(i.osThreadEnumerate), (106 bytes).
    Removing cmsis_os2.o(i.osThreadExit), (10 bytes).
    Removing cmsis_os2.o(i.osThreadFlagsClear), (96 bytes).
    Removing cmsis_os2.o(i.osThreadFlagsGet), (52 bytes).
    Removing cmsis_os2.o(i.osThreadFlagsSet), (144 bytes).
    Removing cmsis_os2.o(i.osThreadFlagsWait), (180 bytes).
    Removing cmsis_os2.o(i.osThreadGetCount), (22 bytes).
    Removing cmsis_os2.o(i.osThreadGetId), (12 bytes).
    Removing cmsis_os2.o(i.osThreadGetName), (30 bytes).
    Removing cmsis_os2.o(i.osThreadGetPriority), (32 bytes).
    Removing cmsis_os2.o(i.osThreadGetStackSpace), (30 bytes).
    Removing cmsis_os2.o(i.osThreadGetState), (72 bytes).
    Removing cmsis_os2.o(i.osThreadResume), (38 bytes).
    Removing cmsis_os2.o(i.osThreadSetPriority), (54 bytes).
    Removing cmsis_os2.o(i.osThreadSuspend), (38 bytes).
    Removing cmsis_os2.o(i.osThreadTerminate), (60 bytes).
    Removing cmsis_os2.o(i.osThreadYield), (40 bytes).
    Removing cmsis_os2.o(i.osTimerDelete), (72 bytes).
    Removing cmsis_os2.o(i.osTimerGetName), (30 bytes).
    Removing cmsis_os2.o(i.osTimerIsRunning), (30 bytes).
    Removing cmsis_os2.o(i.osTimerNew), (188 bytes).
    Removing cmsis_os2.o(i.osTimerStart), (60 bytes).
    Removing cmsis_os2.o(i.osTimerStop), (72 bytes).
    Removing cmsis_os2.o(i.vApplicationGetIdleTaskMemory), (24 bytes).
    Removing cmsis_os2.o(i.vApplicationGetTimerTaskMemory), (24 bytes).
    Removing cmsis_os2.o(.bss), (1208 bytes).
    Removing heap_4.o(i.pvPortCalloc), (54 bytes).
    Removing heap_4.o(i.vPortGetHeapStats), (128 bytes).
    Removing heap_4.o(i.vPortHeapResetState), (44 bytes).
    Removing heap_4.o(i.vPortInitialiseBlocks), (2 bytes).
    Removing heap_4.o(i.xPortGetFreeHeapSize), (12 bytes).
    Removing heap_4.o(i.xPortGetMinimumEverFreeHeapSize), (12 bytes).
    Removing port.o(.rev16_text), (4 bytes).
    Removing port.o(.revsh_text), (4 bytes).
    Removing port.o(.rrx_text), (6 bytes).
    Removing port.o(i.vPortEndScheduler), (48 bytes).
    Removing port.o(i.vPortValidateInterruptPriority), (120 bytes).
    Removing dadd.o(.text), (334 bytes).
    Removing dmul.o(.text), (228 bytes).
    Removing ddiv.o(.text), (222 bytes).
    Removing dfixul.o(.text), (48 bytes).
    Removing cdrcmple.o(.text), (48 bytes).
    Removing depilogue.o(.text), (186 bytes).

677 unused section(s) (total 68402 bytes) removed from the image.

==============================================================================

Image Symbol Table

    Local Symbols

    Symbol Name                              Value     Ov Type        Size  Object(Section)

    ../clib/microlib/division.c              0x00000000   Number         0  uldiv.o ABSOLUTE
    ../clib/microlib/division.c              0x00000000   Number         0  uidiv.o ABSOLUTE
    ../clib/microlib/init/entry.s            0x00000000   Number         0  entry9b.o ABSOLUTE
    ../clib/microlib/init/entry.s            0x00000000   Number         0  entry10b.o ABSOLUTE
    ../clib/microlib/init/entry.s            0x00000000   Number         0  entry10a.o ABSOLUTE
    ../clib/microlib/init/entry.s            0x00000000   Number         0  entry8b.o ABSOLUTE
    ../clib/microlib/init/entry.s            0x00000000   Number         0  entry8a.o ABSOLUTE
    ../clib/microlib/init/entry.s            0x00000000   Number         0  entry11a.o ABSOLUTE
    ../clib/microlib/init/entry.s            0x00000000   Number         0  entry7b.o ABSOLUTE
    ../clib/microlib/init/entry.s            0x00000000   Number         0  entry2.o ABSOLUTE
    ../clib/microlib/init/entry.s            0x00000000   Number         0  entry7a.o ABSOLUTE
    ../clib/microlib/init/entry.s            0x00000000   Number         0  entry5.o ABSOLUTE
    ../clib/microlib/init/entry.s            0x00000000   Number         0  entry.o ABSOLUTE
    ../clib/microlib/init/entry.s            0x00000000   Number         0  entry9a.o ABSOLUTE
    ../clib/microlib/init/entry.s            0x00000000   Number         0  entry11b.o ABSOLUTE
    ../clib/microlib/longlong.c              0x00000000   Number         0  llsshr.o ABSOLUTE
    ../clib/microlib/longlong.c              0x00000000   Number         0  llshl.o ABSOLUTE
    ../clib/microlib/longlong.c              0x00000000   Number         0  llushr.o ABSOLUTE
    ../clib/microlib/printf/printf.c         0x00000000   Number         0  printf0.o ABSOLUTE
    ../clib/microlib/printf/printf.c         0x00000000   Number         0  printf5.o ABSOLUTE
    ../clib/microlib/printf/printf.c         0x00000000   Number         0  printf6.o ABSOLUTE
    ../clib/microlib/printf/printf.c         0x00000000   Number         0  printf7.o ABSOLUTE
    ../clib/microlib/printf/printf.c         0x00000000   Number         0  printf4.o ABSOLUTE
    ../clib/microlib/printf/printf.c         0x00000000   Number         0  printfa.o ABSOLUTE
    ../clib/microlib/printf/printf.c         0x00000000   Number         0  printf3.o ABSOLUTE
    ../clib/microlib/printf/printf.c         0x00000000   Number         0  printf8.o ABSOLUTE
    ../clib/microlib/printf/printf.c         0x00000000   Number         0  printf2.o ABSOLUTE
    ../clib/microlib/printf/printf.c         0x00000000   Number         0  printf1.o ABSOLUTE
    ../clib/microlib/printf/printf.c         0x00000000   Number         0  printfb.o ABSOLUTE
    ../clib/microlib/stdio/streams.c         0x00000000   Number         0  stdout.o ABSOLUTE
    ../clib/microlib/string/memcpy.c         0x00000000   Number         0  memcpya.o ABSOLUTE
    ../clib/microlib/string/memcpy.c         0x00000000   Number         0  memcpyb.o ABSOLUTE
    ../clib/microlib/string/memset.c         0x00000000   Number         0  memseta.o ABSOLUTE
    ../clib/microlib/string/memset.c         0x00000000   Number         0  memset.o ABSOLUTE
    ../clib/microlib/stubs.s                 0x00000000   Number         0  iusefp.o ABSOLUTE
    ../fplib/microlib/fpadd.c                0x00000000   Number         0  dadd.o ABSOLUTE
    ../fplib/microlib/fpdiv.c                0x00000000   Number         0  ddiv.o ABSOLUTE
    ../fplib/microlib/fpepilogue.c           0x00000000   Number         0  depilogue.o ABSOLUTE
    ../fplib/microlib/fpfix.c                0x00000000   Number         0  dfixul.o ABSOLUTE
    ../fplib/microlib/fpmul.c                0x00000000   Number         0  dmul.o ABSOLUTE
    ..\..\middlewares\freertos\CMSIS_RTOS_V2\cmsis_os2.c 0x00000000   Number         0  cmsis_os2.o ABSOLUTE
    ..\..\middlewares\freertos\event_groups.c 0x00000000   Number         0  event_groups.o ABSOLUTE
    ..\..\middlewares\freertos\list.c        0x00000000   Number         0  list.o ABSOLUTE
    ..\..\middlewares\freertos\portable\MemMang\heap_4.c 0x00000000   Number         0  heap_4.o ABSOLUTE
    ..\..\middlewares\freertos\portable\portable\RVDS\ARM_CM4F\port.c 0x00000000   Number         0  port.o ABSOLUTE
    ..\..\middlewares\freertos\queue.c       0x00000000   Number         0  queue.o ABSOLUTE
    ..\..\middlewares\freertos\stream_buffer.c 0x00000000   Number         0  stream_buffer.o ABSOLUTE
    ..\..\middlewares\freertos\tasks.c       0x00000000   Number         0  tasks.o ABSOLUTE
    ..\..\middlewares\freertos\timers.c      0x00000000   Number         0  timers.o ABSOLUTE
    ..\\..\\middlewares\\freertos\\CMSIS_RTOS_V2\\cmsis_os2.c 0x00000000   Number         0  cmsis_os2.o ABSOLUTE
    ..\\..\\middlewares\\freertos\\portable\\portable\\RVDS\\ARM_CM4F\\port.c 0x00000000   Number         0  port.o ABSOLUTE
    ..\\cmsrc\\system_stm32f4xx.c            0x00000000   Number         0  system_stm32f4xx.o ABSOLUTE
    ..\\halsrc\\stm32f4xx_hal.c              0x00000000   Number         0  stm32f4xx_hal.o ABSOLUTE
    ..\\halsrc\\stm32f4xx_hal_cortex.c       0x00000000   Number         0  stm32f4xx_hal_cortex.o ABSOLUTE
    ..\\halsrc\\stm32f4xx_hal_dma.c          0x00000000   Number         0  stm32f4xx_hal_dma.o ABSOLUTE
    ..\\halsrc\\stm32f4xx_hal_dma_ex.c       0x00000000   Number         0  stm32f4xx_hal_dma_ex.o ABSOLUTE
    ..\\halsrc\\stm32f4xx_hal_gpio.c         0x00000000   Number         0  stm32f4xx_hal_gpio.o ABSOLUTE
    ..\\halsrc\\stm32f4xx_hal_pwr.c          0x00000000   Number         0  stm32f4xx_hal_pwr.o ABSOLUTE
    ..\\halsrc\\stm32f4xx_hal_pwr_ex.c       0x00000000   Number         0  stm32f4xx_hal_pwr_ex.o ABSOLUTE
    ..\\halsrc\\stm32f4xx_hal_rcc.c          0x00000000   Number         0  stm32f4xx_hal_rcc.o ABSOLUTE
    ..\\halsrc\\stm32f4xx_hal_rcc_ex.c       0x00000000   Number         0  stm32f4xx_hal_rcc_ex.o ABSOLUTE
    ..\\halsrc\\stm32f4xx_hal_tim.c          0x00000000   Number         0  stm32f4xx_hal_tim.o ABSOLUTE
    ..\\halsrc\\stm32f4xx_hal_tim_ex.c       0x00000000   Number         0  stm32f4xx_hal_tim_ex.o ABSOLUTE
    ..\\halsrc\\stm32f4xx_hal_uart.c         0x00000000   Number         0  stm32f4xx_hal_uart.o ABSOLUTE
    ..\\halsrc\\stm32f4xx_hal_usart.c        0x00000000   Number         0  stm32f4xx_hal_usart.o ABSOLUTE
    ..\\hardware\\delay.c                    0x00000000   Number         0  delay.o ABSOLUTE
    ..\\hardware\\led.c                      0x00000000   Number         0  led.o ABSOLUTE
    ..\\hardware\\tim.c                      0x00000000   Number         0  tim.o ABSOLUTE
    ..\\hardware\\uart.c                     0x00000000   Number         0  uart.o ABSOLUTE
    ..\\user\\freertos.c                     0x00000000   Number         0  freertos.o ABSOLUTE
    ..\\user\\main.c                         0x00000000   Number         0  main.o ABSOLUTE
    ..\\user\\stm32f4xx_hal_msp.c            0x00000000   Number         0  stm32f4xx_hal_msp.o ABSOLUTE
    ..\\user\\stm32f4xx_it.c                 0x00000000   Number         0  stm32f4xx_it.o ABSOLUTE
    ..\cmsrc\system_stm32f4xx.c              0x00000000   Number         0  system_stm32f4xx.o ABSOLUTE
    ..\halsrc\stm32f4xx_hal.c                0x00000000   Number         0  stm32f4xx_hal.o ABSOLUTE
    ..\halsrc\stm32f4xx_hal_cortex.c         0x00000000   Number         0  stm32f4xx_hal_cortex.o ABSOLUTE
    ..\halsrc\stm32f4xx_hal_dma.c            0x00000000   Number         0  stm32f4xx_hal_dma.o ABSOLUTE
    ..\halsrc\stm32f4xx_hal_dma_ex.c         0x00000000   Number         0  stm32f4xx_hal_dma_ex.o ABSOLUTE
    ..\halsrc\stm32f4xx_hal_gpio.c           0x00000000   Number         0  stm32f4xx_hal_gpio.o ABSOLUTE
    ..\halsrc\stm32f4xx_hal_pwr.c            0x00000000   Number         0  stm32f4xx_hal_pwr.o ABSOLUTE
    ..\halsrc\stm32f4xx_hal_pwr_ex.c         0x00000000   Number         0  stm32f4xx_hal_pwr_ex.o ABSOLUTE
    ..\halsrc\stm32f4xx_hal_rcc.c            0x00000000   Number         0  stm32f4xx_hal_rcc.o ABSOLUTE
    ..\halsrc\stm32f4xx_hal_rcc_ex.c         0x00000000   Number         0  stm32f4xx_hal_rcc_ex.o ABSOLUTE
    ..\halsrc\stm32f4xx_hal_tim.c            0x00000000   Number         0  stm32f4xx_hal_tim.o ABSOLUTE
    ..\halsrc\stm32f4xx_hal_tim_ex.c         0x00000000   Number         0  stm32f4xx_hal_tim_ex.o ABSOLUTE
    ..\halsrc\stm32f4xx_hal_uart.c           0x00000000   Number         0  stm32f4xx_hal_uart.o ABSOLUTE
    ..\halsrc\stm32f4xx_hal_usart.c          0x00000000   Number         0  stm32f4xx_hal_usart.o ABSOLUTE
    ..\hardware\delay.c                      0x00000000   Number         0  delay.o ABSOLUTE
    ..\hardware\led.c                        0x00000000   Number         0  led.o ABSOLUTE
    ..\hardware\tim.c                        0x00000000   Number         0  tim.o ABSOLUTE
    ..\hardware\uart.c                       0x00000000   Number         0  uart.o ABSOLUTE
    ..\startup\startup_stm32f429xx.s         0x00000000   Number         0  startup_stm32f429xx.o ABSOLUTE
    ..\user\freertos.c                       0x00000000   Number         0  freertos.o ABSOLUTE
    ..\user\main.c                           0x00000000   Number         0  main.o ABSOLUTE
    ..\user\stm32f4xx_hal_msp.c              0x00000000   Number         0  stm32f4xx_hal_msp.o ABSOLUTE
    ..\user\stm32f4xx_it.c                   0x00000000   Number         0  stm32f4xx_it.o ABSOLUTE
    cdrcmple.s                               0x00000000   Number         0  cdrcmple.o ABSOLUTE
    dc.s                                     0x00000000   Number         0  dc.o ABSOLUTE
    handlers.s                               0x00000000   Number         0  handlers.o ABSOLUTE
    init.s                                   0x00000000   Number         0  init.o ABSOLUTE
    RESET                                    0x08000000   Section      428  startup_stm32f429xx.o(RESET)
    .ARM.Collect$$$$00000000                 0x080001ac   Section        0  entry.o(.ARM.Collect$$$$00000000)
    .ARM.Collect$$$$00000001                 0x080001ac   Section        4  entry2.o(.ARM.Collect$$$$00000001)
    .ARM.Collect$$$$00000004                 0x080001b0   Section        4  entry5.o(.ARM.Collect$$$$00000004)
    .ARM.Collect$$$$00000008                 0x080001b4   Section        0  entry7b.o(.ARM.Collect$$$$00000008)
    .ARM.Collect$$$$0000000A                 0x080001b4   Section        0  entry8b.o(.ARM.Collect$$$$0000000A)
    .ARM.Collect$$$$0000000B                 0x080001b4   Section        8  entry9a.o(.ARM.Collect$$$$0000000B)
    .ARM.Collect$$$$0000000D                 0x080001bc   Section        0  entry10a.o(.ARM.Collect$$$$0000000D)
    .ARM.Collect$$$$0000000F                 0x080001bc   Section        0  entry11a.o(.ARM.Collect$$$$0000000F)
    .ARM.Collect$$$$00002712                 0x080001bc   Section        4  entry2.o(.ARM.Collect$$$$00002712)
    __lit__00000000                          0x080001bc   Data           4  entry2.o(.ARM.Collect$$$$00002712)
    .emb_text                                0x080001c0   Section      190  port.o(.emb_text)
    $v0                                      0x080001c0   Number         0  port.o(.emb_text)
    .text                                    0x08000280   Section       36  startup_stm32f429xx.o(.text)
    $v0                                      0x08000280   Number         0  startup_stm32f429xx.o(.text)
    .text                                    0x080002a4   Section        0  uldiv.o(.text)
    .text                                    0x08000306   Section        0  memcpya.o(.text)
    .text                                    0x0800032a   Section        0  memseta.o(.text)
    .text                                    0x0800034e   Section        0  llshl.o(.text)
    .text                                    0x0800036c   Section        0  llushr.o(.text)
    .text                                    0x0800038c   Section       36  init.o(.text)
    i.BusFault_Handler                       0x080003b0   Section        0  stm32f4xx_it.o(i.BusFault_Handler)
    i.DebugMon_Handler                       0x080003b4   Section        0  stm32f4xx_it.o(i.DebugMon_Handler)
    i.Error_Handler                          0x080003b6   Section        0  main.o(i.Error_Handler)
    i.HAL_Delay                              0x080003bc   Section        0  delay.o(i.HAL_Delay)
    i.HAL_GPIO_Init                          0x080003e4   Section        0  stm32f4xx_hal_gpio.o(i.HAL_GPIO_Init)
    i.HAL_GPIO_WritePin                      0x080005f4   Section        0  stm32f4xx_hal_gpio.o(i.HAL_GPIO_WritePin)
    i.HAL_GetTick                            0x08000600   Section        0  stm32f4xx_hal.o(i.HAL_GetTick)
    i.HAL_IncTick                            0x0800060c   Section        0  stm32f4xx_hal.o(i.HAL_IncTick)
    i.HAL_Init                               0x08000624   Section        0  stm32f4xx_hal.o(i.HAL_Init)
    i.HAL_InitTick                           0x08000660   Section        0  stm32f4xx_hal.o(i.HAL_InitTick)
    i.HAL_MspInit                            0x080006ac   Section        0  stm32f4xx_hal_msp.o(i.HAL_MspInit)
    i.HAL_NVIC_EnableIRQ                     0x08000700   Section        0  stm32f4xx_hal_cortex.o(i.HAL_NVIC_EnableIRQ)
    i.HAL_NVIC_SetPriority                   0x08000728   Section        0  stm32f4xx_hal_cortex.o(i.HAL_NVIC_SetPriority)
    i.HAL_NVIC_SetPriorityGrouping           0x080007a4   Section        0  stm32f4xx_hal_cortex.o(i.HAL_NVIC_SetPriorityGrouping)
    i.HAL_PWREx_EnableOverDrive              0x080007cc   Section        0  stm32f4xx_hal_pwr_ex.o(i.HAL_PWREx_EnableOverDrive)
    i.HAL_RCC_ClockConfig                    0x08000858   Section        0  stm32f4xx_hal_rcc.o(i.HAL_RCC_ClockConfig)
    i.HAL_RCC_GetHCLKFreq                    0x080009dc   Section        0  stm32f4xx_hal_rcc.o(i.HAL_RCC_GetHCLKFreq)
    i.HAL_RCC_GetPCLK1Freq                   0x080009e8   Section        0  stm32f4xx_hal_rcc.o(i.HAL_RCC_GetPCLK1Freq)
    i.HAL_RCC_GetPCLK2Freq                   0x08000a08   Section        0  stm32f4xx_hal_rcc.o(i.HAL_RCC_GetPCLK2Freq)
    i.HAL_RCC_GetSysClockFreq                0x08000a28   Section        0  stm32f4xx_hal_rcc.o(i.HAL_RCC_GetSysClockFreq)
    i.HAL_RCC_OscConfig                      0x08000ad8   Section        0  stm32f4xx_hal_rcc.o(i.HAL_RCC_OscConfig)
    i.HAL_SYSTICK_Config                     0x08000f74   Section        0  stm32f4xx_hal_cortex.o(i.HAL_SYSTICK_Config)
    i.HAL_TIMEx_BreakCallback                0x08000fa8   Section        0  stm32f4xx_hal_tim_ex.o(i.HAL_TIMEx_BreakCallback)
    i.HAL_TIMEx_CommutCallback               0x08000faa   Section        0  stm32f4xx_hal_tim_ex.o(i.HAL_TIMEx_CommutCallback)
    i.HAL_TIMEx_MasterConfigSynchronization  0x08000fac   Section        0  stm32f4xx_hal_tim_ex.o(i.HAL_TIMEx_MasterConfigSynchronization)
    i.HAL_TIM_Base_Init                      0x08001060   Section        0  stm32f4xx_hal_tim.o(i.HAL_TIM_Base_Init)
    i.HAL_TIM_Base_MspInit                   0x080010c8   Section        0  tim.o(i.HAL_TIM_Base_MspInit)
    i.HAL_TIM_Base_Start_IT                  0x08001110   Section        0  stm32f4xx_hal_tim.o(i.HAL_TIM_Base_Start_IT)
    i.HAL_TIM_IC_CaptureCallback             0x080011b8   Section        0  stm32f4xx_hal_tim.o(i.HAL_TIM_IC_CaptureCallback)
    i.HAL_TIM_IRQHandler                     0x080011ba   Section        0  stm32f4xx_hal_tim.o(i.HAL_TIM_IRQHandler)
    i.HAL_TIM_OC_DelayElapsedCallback        0x08001326   Section        0  stm32f4xx_hal_tim.o(i.HAL_TIM_OC_DelayElapsedCallback)
    i.HAL_TIM_PWM_PulseFinishedCallback      0x08001328   Section        0  stm32f4xx_hal_tim.o(i.HAL_TIM_PWM_PulseFinishedCallback)
    i.HAL_TIM_PeriodElapsedCallback          0x0800132c   Section        0  tim.o(i.HAL_TIM_PeriodElapsedCallback)
    i.HAL_TIM_TriggerCallback                0x08001344   Section        0  stm32f4xx_hal_tim.o(i.HAL_TIM_TriggerCallback)
    i.HAL_UART_Init                          0x08001346   Section        0  stm32f4xx_hal_uart.o(i.HAL_UART_Init)
    i.HAL_UART_MspInit                       0x080013bc   Section        0  uart.o(i.HAL_UART_MspInit)
    i.HardFault_Handler                      0x08001454   Section        0  stm32f4xx_it.o(i.HardFault_Handler)
    i.LED_Init                               0x08001458   Section        0  led.o(i.LED_Init)
    i.MX_FREERTOS_Init                       0x080014f0   Section        0  freertos.o(i.MX_FREERTOS_Init)
    i.MemManage_Handler                      0x08001534   Section        0  stm32f4xx_it.o(i.MemManage_Handler)
    i.NMI_Handler                            0x08001538   Section        0  stm32f4xx_it.o(i.NMI_Handler)
    i.StartDefaultTask                       0x0800153c   Section        0  freertos.o(i.StartDefaultTask)
    i.SysTick_Handler                        0x08001568   Section        0  cmsis_os2.o(i.SysTick_Handler)
    i.SystemClock_Config                     0x08001580   Section        0  main.o(i.SystemClock_Config)
    i.SystemInit                             0x0800163c   Section        0  system_stm32f4xx.o(i.SystemInit)
    i.TIM6_DAC_IRQHandler                    0x08001650   Section        0  stm32f4xx_it.o(i.TIM6_DAC_IRQHandler)
    i.TIM_Base_SetConfig                     0x08001660   Section        0  stm32f4xx_hal_tim.o(i.TIM_Base_SetConfig)
    i.UART_SetConfig                         0x08001740   Section        0  stm32f4xx_hal_uart.o(i.UART_SetConfig)
    UART_SetConfig                           0x08001741   Thumb Code   546  stm32f4xx_hal_uart.o(i.UART_SetConfig)
    i.UsageFault_Handler                     0x0800196c   Section        0  stm32f4xx_it.o(i.UsageFault_Handler)
    i.__0printf$bare                         0x08001970   Section        0  printfb.o(i.__0printf$bare)
    i.__NVIC_GetPriorityGrouping             0x08001980   Section        0  stm32f4xx_hal_cortex.o(i.__NVIC_GetPriorityGrouping)
    __NVIC_GetPriorityGrouping               0x08001981   Thumb Code    10  stm32f4xx_hal_cortex.o(i.__NVIC_GetPriorityGrouping)
    i.__NVIC_SetPriority                     0x08001990   Section        0  stm32f4xx_hal_cortex.o(i.__NVIC_SetPriority)
    __NVIC_SetPriority                       0x08001991   Thumb Code    32  stm32f4xx_hal_cortex.o(i.__NVIC_SetPriority)
    i.__get_IPSR                             0x080019b8   Section        0  cmsis_os2.o(i.__get_IPSR)
    __get_IPSR                               0x080019b9   Thumb Code     6  cmsis_os2.o(i.__get_IPSR)
    i.__scatterload_copy                     0x080019be   Section       14  handlers.o(i.__scatterload_copy)
    i.__scatterload_null                     0x080019cc   Section        2  handlers.o(i.__scatterload_null)
    i.__scatterload_zeroinit                 0x080019ce   Section       14  handlers.o(i.__scatterload_zeroinit)
    i._printf_core                           0x080019dc   Section        0  printfb.o(i._printf_core)
    _printf_core                             0x080019dd   Thumb Code    34  printfb.o(i._printf_core)
    i.fputc                                  0x08001a00   Section        0  uart.o(i.fputc)
    i.main                                   0x08001a1c   Section        0  main.o(i.main)
    i.osKernelInitialize                     0x08001aa0   Section        0  cmsis_os2.o(i.osKernelInitialize)
    i.osKernelStart                          0x08001acc   Section        0  cmsis_os2.o(i.osKernelStart)
    i.osThreadNew                            0x08001b2c   Section        0  cmsis_os2.o(i.osThreadNew)
    i.prvAddCurrentTaskToDelayedList         0x08001be4   Section        0  tasks.o(i.prvAddCurrentTaskToDelayedList)
    prvAddCurrentTaskToDelayedList           0x08001be5   Thumb Code   150  tasks.o(i.prvAddCurrentTaskToDelayedList)
    i.prvAddNewTaskToReadyList               0x08001c94   Section        0  tasks.o(i.prvAddNewTaskToReadyList)
    prvAddNewTaskToReadyList                 0x08001c95   Thumb Code   220  tasks.o(i.prvAddNewTaskToReadyList)
    i.prvCheckForValidListAndQueue           0x08001d8c   Section        0  timers.o(i.prvCheckForValidListAndQueue)
    prvCheckForValidListAndQueue             0x08001d8d   Thumb Code    62  timers.o(i.prvCheckForValidListAndQueue)
    i.prvCheckTasksWaitingTermination        0x08001de8   Section        0  tasks.o(i.prvCheckTasksWaitingTermination)
    prvCheckTasksWaitingTermination          0x08001de9   Thumb Code    60  tasks.o(i.prvCheckTasksWaitingTermination)
    i.prvCopyDataFromQueue                   0x08001e30   Section        0  queue.o(i.prvCopyDataFromQueue)
    prvCopyDataFromQueue                     0x08001e31   Thumb Code    42  queue.o(i.prvCopyDataFromQueue)
    i.prvCreateIdleTasks                     0x08001e5c   Section        0  tasks.o(i.prvCreateIdleTasks)
    prvCreateIdleTasks                       0x08001e5d   Thumb Code   120  tasks.o(i.prvCreateIdleTasks)
    i.prvCreateStaticTask                    0x08001ee4   Section        0  tasks.o(i.prvCreateStaticTask)
    prvCreateStaticTask                      0x08001ee5   Thumb Code   184  tasks.o(i.prvCreateStaticTask)
    i.prvCreateTask                          0x08001f9c   Section        0  tasks.o(i.prvCreateTask)
    prvCreateTask                            0x08001f9d   Thumb Code    94  tasks.o(i.prvCreateTask)
    i.prvDeleteTCB                           0x08001ffa   Section        0  tasks.o(i.prvDeleteTCB)
    prvDeleteTCB                             0x08001ffb   Thumb Code    80  tasks.o(i.prvDeleteTCB)
    i.prvGetNextExpireTime                   0x0800204c   Section        0  timers.o(i.prvGetNextExpireTime)
    prvGetNextExpireTime                     0x0800204d   Thumb Code    36  timers.o(i.prvGetNextExpireTime)
    i.prvHeapInit                            0x08002074   Section        0  heap_4.o(i.prvHeapInit)
    prvHeapInit                              0x08002075   Thumb Code    88  heap_4.o(i.prvHeapInit)
    i.prvIdleTask                            0x080020e0   Section        0  tasks.o(i.prvIdleTask)
    prvIdleTask                              0x080020e1   Thumb Code    32  tasks.o(i.prvIdleTask)
    i.prvInitialiseNewQueue                  0x08002108   Section        0  queue.o(i.prvInitialiseNewQueue)
    prvInitialiseNewQueue                    0x08002109   Thumb Code    42  queue.o(i.prvInitialiseNewQueue)
    i.prvInitialiseNewTask                   0x08002132   Section        0  tasks.o(i.prvInitialiseNewTask)
    prvInitialiseNewTask                     0x08002133   Thumb Code   204  tasks.o(i.prvInitialiseNewTask)
    i.prvInitialiseTaskLists                 0x08002200   Section        0  tasks.o(i.prvInitialiseTaskLists)
    prvInitialiseTaskLists                   0x08002201   Thumb Code    70  tasks.o(i.prvInitialiseTaskLists)
    i.prvInsertBlockIntoFreeList             0x08002268   Section        0  heap_4.o(i.prvInsertBlockIntoFreeList)
    prvInsertBlockIntoFreeList               0x08002269   Thumb Code   146  heap_4.o(i.prvInsertBlockIntoFreeList)
    i.prvInsertTimerInActiveList             0x08002308   Section        0  timers.o(i.prvInsertTimerInActiveList)
    prvInsertTimerInActiveList               0x08002309   Thumb Code    80  timers.o(i.prvInsertTimerInActiveList)
    i.prvIsQueueEmpty                        0x08002360   Section        0  queue.o(i.prvIsQueueEmpty)
    prvIsQueueEmpty                          0x08002361   Thumb Code    26  queue.o(i.prvIsQueueEmpty)
    i.prvProcessExpiredTimer                 0x0800237c   Section        0  timers.o(i.prvProcessExpiredTimer)
    prvProcessExpiredTimer                   0x0800237d   Thumb Code    62  timers.o(i.prvProcessExpiredTimer)
    i.prvProcessReceivedCommands             0x080023c0   Section        0  timers.o(i.prvProcessReceivedCommands)
    prvProcessReceivedCommands               0x080023c1   Thumb Code   336  timers.o(i.prvProcessReceivedCommands)
    i.prvProcessTimerOrBlockTask             0x08002514   Section        0  timers.o(i.prvProcessTimerOrBlockTask)
    prvProcessTimerOrBlockTask               0x08002515   Thumb Code   102  timers.o(i.prvProcessTimerOrBlockTask)
    i.prvReloadTimer                         0x08002588   Section        0  timers.o(i.prvReloadTimer)
    prvReloadTimer                           0x08002589   Thumb Code    40  timers.o(i.prvReloadTimer)
    i.prvResetNextTaskUnblockTime            0x080025b0   Section        0  tasks.o(i.prvResetNextTaskUnblockTime)
    prvResetNextTaskUnblockTime              0x080025b1   Thumb Code    40  tasks.o(i.prvResetNextTaskUnblockTime)
    i.prvSampleTimeNow                       0x080025e0   Section        0  timers.o(i.prvSampleTimeNow)
    prvSampleTimeNow                         0x080025e1   Thumb Code    40  timers.o(i.prvSampleTimeNow)
    i.prvSwitchTimerLists                    0x0800260c   Section        0  timers.o(i.prvSwitchTimerLists)
    prvSwitchTimerLists                      0x0800260d   Thumb Code    58  timers.o(i.prvSwitchTimerLists)
    i.prvTaskExitError                       0x08002650   Section        0  port.o(i.prvTaskExitError)
    prvTaskExitError                         0x08002651   Thumb Code    60  port.o(i.prvTaskExitError)
    i.prvTimerTask                           0x08002690   Section        0  timers.o(i.prvTimerTask)
    prvTimerTask                             0x08002691   Thumb Code    26  timers.o(i.prvTimerTask)
    i.prvUnlockQueue                         0x080026aa   Section        0  queue.o(i.prvUnlockQueue)
    prvUnlockQueue                           0x080026ab   Thumb Code   126  queue.o(i.prvUnlockQueue)
    i.pvPortMalloc                           0x08002728   Section        0  heap_4.o(i.pvPortMalloc)
    i.pxPortInitialiseStack                  0x08002920   Section        0  port.o(i.pxPortInitialiseStack)
    i.tim6_init                              0x0800294c   Section        0  tim.o(i.tim6_init)
    i.uart_init                              0x08002998   Section        0  uart.o(i.uart_init)
    i.uxListRemove                           0x080029c4   Section        0  list.o(i.uxListRemove)
    i.vApplicationGetIdleTaskMemory          0x080029ec   Section        0  tasks.o(i.vApplicationGetIdleTaskMemory)
    i.vApplicationGetTimerTaskMemory         0x08002a04   Section        0  tasks.o(i.vApplicationGetTimerTaskMemory)
    i.vApplicationStackOverflowHook          0x08002a1c   Section        0  cmsis_os2.o(i.vApplicationStackOverflowHook)
    i.vListInitialise                        0x08002a32   Section        0  list.o(i.vListInitialise)
    i.vListInitialiseItem                    0x08002a4c   Section        0  list.o(i.vListInitialiseItem)
    i.vListInsert                            0x08002a52   Section        0  list.o(i.vListInsert)
    i.vPortEnterCritical                     0x08002a88   Section        0  port.o(i.vPortEnterCritical)
    i.vPortExitCritical                      0x08002adc   Section        0  port.o(i.vPortExitCritical)
    i.vPortFree                              0x08002b18   Section        0  heap_4.o(i.vPortFree)
    i.vPortSetupTimerInterrupt               0x08002bf0   Section        0  port.o(i.vPortSetupTimerInterrupt)
    i.vQueueWaitForMessageRestricted         0x08002c18   Section        0  queue.o(i.vQueueWaitForMessageRestricted)
    i.vTaskInternalSetTimeOutState           0x08002c64   Section        0  tasks.o(i.vTaskInternalSetTimeOutState)
    i.vTaskMissedYield                       0x08002c7c   Section        0  tasks.o(i.vTaskMissedYield)
    i.vTaskPlaceOnEventList                  0x08002c88   Section        0  tasks.o(i.vTaskPlaceOnEventList)
    i.vTaskPlaceOnEventListRestricted        0x08002cc0   Section        0  tasks.o(i.vTaskPlaceOnEventListRestricted)
    i.vTaskStartScheduler                    0x08002d28   Section        0  tasks.o(i.vTaskStartScheduler)
    i.vTaskSuspendAll                        0x08002da4   Section        0  tasks.o(i.vTaskSuspendAll)
    i.vTaskSwitchContext                     0x08002db4   Section        0  tasks.o(i.vTaskSwitchContext)
    i.xPortStartScheduler                    0x08002e90   Section        0  port.o(i.xPortStartScheduler)
    i.xPortSysTickHandler                    0x08002ff8   Section        0  port.o(i.xPortSysTickHandler)
    i.xQueueGenericCreateStatic              0x0800302c   Section        0  queue.o(i.xQueueGenericCreateStatic)
    i.xQueueGenericReset                     0x080030c8   Section        0  queue.o(i.xQueueGenericReset)
    i.xQueueReceive                          0x080031a4   Section        0  queue.o(i.xQueueReceive)
    i.xTaskCheckForTimeOut                   0x0800330c   Section        0  tasks.o(i.xTaskCheckForTimeOut)
    i.xTaskCreate                            0x0800339c   Section        0  tasks.o(i.xTaskCreate)
    i.xTaskCreateStatic                      0x080033d4   Section        0  tasks.o(i.xTaskCreateStatic)
    i.xTaskGetSchedulerState                 0x08003414   Section        0  tasks.o(i.xTaskGetSchedulerState)
    i.xTaskGetTickCount                      0x08003434   Section        0  tasks.o(i.xTaskGetTickCount)
    i.xTaskIncrementTick                     0x08003440   Section        0  tasks.o(i.xTaskIncrementTick)
    i.xTaskRemoveFromEventList               0x080035f4   Section        0  tasks.o(i.xTaskRemoveFromEventList)
    i.xTaskResumeAll                         0x08003728   Section        0  tasks.o(i.xTaskResumeAll)
    i.xTimerCreateTimerTask                  0x080038cc   Section        0  timers.o(i.xTimerCreateTimerTask)
    .constdata                               0x08003944   Section       24  system_stm32f4xx.o(.constdata)
    .constdata                               0x0800395c   Section       36  freertos.o(.constdata)
    .conststring                             0x08003980   Section       12  freertos.o(.conststring)
    .data                                    0x20000000   Section        4  system_stm32f4xx.o(.data)
    .data                                    0x20000004   Section        9  stm32f4xx_hal.o(.data)
    .data                                    0x20000010   Section        4  freertos.o(.data)
    .data                                    0x20000014   Section       64  tasks.o(.data)
    pxDelayedTaskList                        0x20000018   Data           4  tasks.o(.data)
    pxOverflowDelayedTaskList                0x2000001c   Data           4  tasks.o(.data)
    uxDeletedTasksWaitingCleanUp             0x20000020   Data           4  tasks.o(.data)
    uxCurrentNumberOfTasks                   0x20000024   Data           4  tasks.o(.data)
    xTickCount                               0x20000028   Data           4  tasks.o(.data)
    uxTopReadyPriority                       0x2000002c   Data           4  tasks.o(.data)
    xSchedulerRunning                        0x20000030   Data           4  tasks.o(.data)
    xPendedTicks                             0x20000034   Data           4  tasks.o(.data)
    xYieldPendings                           0x20000038   Data           4  tasks.o(.data)
    xNumOfOverflows                          0x2000003c   Data           4  tasks.o(.data)
    uxTaskNumber                             0x20000040   Data           4  tasks.o(.data)
    xNextTaskUnblockTime                     0x20000044   Data           4  tasks.o(.data)
    xIdleTaskHandles                         0x20000048   Data           4  tasks.o(.data)
    uxTopUsedPriority                        0x2000004c   Data           4  tasks.o(.data)
    uxSchedulerSuspended                     0x20000050   Data           4  tasks.o(.data)
    .data                                    0x20000054   Section       20  timers.o(.data)
    pxCurrentTimerList                       0x20000054   Data           4  timers.o(.data)
    pxOverflowTimerList                      0x20000058   Data           4  timers.o(.data)
    xTimerQueue                              0x2000005c   Data           4  timers.o(.data)
    xTimerTaskHandle                         0x20000060   Data           4  timers.o(.data)
    xLastTime                                0x20000064   Data           4  timers.o(.data)
    .data                                    0x20000068   Section        4  cmsis_os2.o(.data)
    KernelState                              0x20000068   Data           4  cmsis_os2.o(.data)
    .data                                    0x2000006c   Section       28  heap_4.o(.data)
    xStart                                   0x2000006c   Data           8  heap_4.o(.data)
    pxEnd                                    0x20000074   Data           4  heap_4.o(.data)
    xFreeBytesRemaining                      0x20000078   Data           4  heap_4.o(.data)
    xMinimumEverFreeBytesRemaining           0x2000007c   Data           4  heap_4.o(.data)
    xNumberOfSuccessfulAllocations           0x20000080   Data           4  heap_4.o(.data)
    xNumberOfSuccessfulFrees                 0x20000084   Data           4  heap_4.o(.data)
    .data                                    0x20000088   Section       12  port.o(.data)
    uxCriticalNesting                        0x20000088   Data           4  port.o(.data)
    ucMaxSysCallPriority                     0x2000008c   Data           1  port.o(.data)
    ulMaxPRIGROUPValue                       0x20000090   Data           4  port.o(.data)
    .data                                    0x20000094   Section        4  stdout.o(.data)
    .bss                                     0x20000098   Section       72  uart.o(.bss)
    .bss                                     0x200000e0   Section       72  tim.o(.bss)
    .bss                                     0x20000128   Section     2428  tasks.o(.bss)
    pxReadyTasksLists                        0x20000128   Data        1120  tasks.o(.bss)
    xDelayedTaskList1                        0x20000588   Data          20  tasks.o(.bss)
    xDelayedTaskList2                        0x2000059c   Data          20  tasks.o(.bss)
    xPendingReadyList                        0x200005b0   Data          20  tasks.o(.bss)
    xTasksWaitingTermination                 0x200005c4   Data          20  tasks.o(.bss)
    xSuspendedTaskList                       0x200005d8   Data          20  tasks.o(.bss)
    xIdleTaskTCB                             0x200005ec   Data          92  tasks.o(.bss)
    uxIdleTaskStack                          0x20000648   Data         512  tasks.o(.bss)
    xTimerTaskTCB                            0x20000848   Data          92  tasks.o(.bss)
    uxTimerTaskStack                         0x200008a4   Data         512  tasks.o(.bss)
    .bss                                     0x20000aa4   Section      280  timers.o(.bss)
    xActiveTimerList1                        0x20000aa4   Data          20  timers.o(.bss)
    xActiveTimerList2                        0x20000ab8   Data          20  timers.o(.bss)
    xStaticTimerQueue                        0x20000acc   Data          80  timers.o(.bss)
    ucStaticTimerQueueStorage                0x20000b1c   Data         160  timers.o(.bss)
    .bss                                     0x20000bbc   Section     4096  heap_4.o(.bss)
    ucHeap                                   0x20000bbc   Data        4096  heap_4.o(.bss)
    STACK                                    0x20001bc0   Section     1024  startup_stm32f429xx.o(STACK)

    Global Symbols

    Symbol Name                              Value     Ov Type        Size  Object(Section)

    BuildAttributes$$THM_ISAv4$E$P$D$K$B$S$7EM$VFPi3$EXTD16$VFPS$VFMA$PE$A:L22UL41UL21$X:L11$S22US41US21$IEEE1$IW$USESV6$~STKCKD$USESV7$~SHL$OSPACE$ROPI$EBA8$MICROLIB$REQ8$PRES8$EABIv2 0x00000000   Number         0  anon$$obj.o ABSOLUTE
    __ARM_use_no_argv                        0x00000000   Number         0  main.o ABSOLUTE
    __cpp_initialize__aeabi_                  - Undefined Weak Reference
    __cxa_finalize                            - Undefined Weak Reference
    __decompress                              - Undefined Weak Reference
    _clock_init                               - Undefined Weak Reference
    _microlib_exit                            - Undefined Weak Reference
    __Vectors_Size                           0x000001ac   Number         0  startup_stm32f429xx.o ABSOLUTE
    __Vectors                                0x08000000   Data           4  startup_stm32f429xx.o(RESET)
    __Vectors_End                            0x080001ac   Data           0  startup_stm32f429xx.o(RESET)
    __main                                   0x080001ad   Thumb Code     0  entry.o(.ARM.Collect$$$$00000000)
    _main_stk                                0x080001ad   Thumb Code     0  entry2.o(.ARM.Collect$$$$00000001)
    _main_scatterload                        0x080001b1   Thumb Code     0  entry5.o(.ARM.Collect$$$$00000004)
    __main_after_scatterload                 0x080001b5   Thumb Code     0  entry5.o(.ARM.Collect$$$$00000004)
    _main_clock                              0x080001b5   Thumb Code     0  entry7b.o(.ARM.Collect$$$$00000008)
    _main_cpp_init                           0x080001b5   Thumb Code     0  entry8b.o(.ARM.Collect$$$$0000000A)
    _main_init                               0x080001b5   Thumb Code     0  entry9a.o(.ARM.Collect$$$$0000000B)
    __rt_final_cpp                           0x080001bd   Thumb Code     0  entry10a.o(.ARM.Collect$$$$0000000D)
    __rt_final_exit                          0x080001bd   Thumb Code     0  entry11a.o(.ARM.Collect$$$$0000000F)
    SVC_Handler                              0x080001c1   Thumb Code    28  port.o(.emb_text)
    __asm___6_port_c_39a90d8d__prvStartFirstTask 0x080001e1   Thumb Code    36  port.o(.emb_text)
    __asm___6_port_c_39a90d8d__prvEnableVFP  0x08000209   Thumb Code    16  port.o(.emb_text)
    PendSV_Handler                           0x0800021d   Thumb Code    88  port.o(.emb_text)
    vPortGetIPSR                             0x08000279   Thumb Code     6  port.o(.emb_text)
    Reset_Handler                            0x08000281   Thumb Code     8  startup_stm32f429xx.o(.text)
    ADC_IRQHandler                           0x0800029b   Thumb Code     0  startup_stm32f429xx.o(.text)
    CAN1_RX0_IRQHandler                      0x0800029b   Thumb Code     0  startup_stm32f429xx.o(.text)
    CAN1_RX1_IRQHandler                      0x0800029b   Thumb Code     0  startup_stm32f429xx.o(.text)
    CAN1_SCE_IRQHandler                      0x0800029b   Thumb Code     0  startup_stm32f429xx.o(.text)
    CAN1_TX_IRQHandler                       0x0800029b   Thumb Code     0  startup_stm32f429xx.o(.text)
    CAN2_RX0_IRQHandler                      0x0800029b   Thumb Code     0  startup_stm32f429xx.o(.text)
    CAN2_RX1_IRQHandler                      0x0800029b   Thumb Code     0  startup_stm32f429xx.o(.text)
    CAN2_SCE_IRQHandler                      0x0800029b   Thumb Code     0  startup_stm32f429xx.o(.text)
    CAN2_TX_IRQHandler                       0x0800029b   Thumb Code     0  startup_stm32f429xx.o(.text)
    DCMI_IRQHandler                          0x0800029b   Thumb Code     0  startup_stm32f429xx.o(.text)
    DMA1_Stream0_IRQHandler                  0x0800029b   Thumb Code     0  startup_stm32f429xx.o(.text)
    DMA1_Stream1_IRQHandler                  0x0800029b   Thumb Code     0  startup_stm32f429xx.o(.text)
    DMA1_Stream2_IRQHandler                  0x0800029b   Thumb Code     0  startup_stm32f429xx.o(.text)
    DMA1_Stream3_IRQHandler                  0x0800029b   Thumb Code     0  startup_stm32f429xx.o(.text)
    DMA1_Stream4_IRQHandler                  0x0800029b   Thumb Code     0  startup_stm32f429xx.o(.text)
    DMA1_Stream5_IRQHandler                  0x0800029b   Thumb Code     0  startup_stm32f429xx.o(.text)
    DMA1_Stream6_IRQHandler                  0x0800029b   Thumb Code     0  startup_stm32f429xx.o(.text)
    DMA1_Stream7_IRQHandler                  0x0800029b   Thumb Code     0  startup_stm32f429xx.o(.text)
    DMA2D_IRQHandler                         0x0800029b   Thumb Code     0  startup_stm32f429xx.o(.text)
    DMA2_Stream0_IRQHandler                  0x0800029b   Thumb Code     0  startup_stm32f429xx.o(.text)
    DMA2_Stream1_IRQHandler                  0x0800029b   Thumb Code     0  startup_stm32f429xx.o(.text)
    DMA2_Stream2_IRQHandler                  0x0800029b   Thumb Code     0  startup_stm32f429xx.o(.text)
    DMA2_Stream3_IRQHandler                  0x0800029b   Thumb Code     0  startup_stm32f429xx.o(.text)
    DMA2_Stream4_IRQHandler                  0x0800029b   Thumb Code     0  startup_stm32f429xx.o(.text)
    DMA2_Stream5_IRQHandler                  0x0800029b   Thumb Code     0  startup_stm32f429xx.o(.text)
    DMA2_Stream6_IRQHandler                  0x0800029b   Thumb Code     0  startup_stm32f429xx.o(.text)
    DMA2_Stream7_IRQHandler                  0x0800029b   Thumb Code     0  startup_stm32f429xx.o(.text)
    ETH_IRQHandler                           0x0800029b   Thumb Code     0  startup_stm32f429xx.o(.text)
    ETH_WKUP_IRQHandler                      0x0800029b   Thumb Code     0  startup_stm32f429xx.o(.text)
    EXTI0_IRQHandler                         0x0800029b   Thumb Code     0  startup_stm32f429xx.o(.text)
    EXTI15_10_IRQHandler                     0x0800029b   Thumb Code     0  startup_stm32f429xx.o(.text)
    EXTI1_IRQHandler                         0x0800029b   Thumb Code     0  startup_stm32f429xx.o(.text)
    EXTI2_IRQHandler                         0x0800029b   Thumb Code     0  startup_stm32f429xx.o(.text)
    EXTI3_IRQHandler                         0x0800029b   Thumb Code     0  startup_stm32f429xx.o(.text)
    EXTI4_IRQHandler                         0x0800029b   Thumb Code     0  startup_stm32f429xx.o(.text)
    EXTI9_5_IRQHandler                       0x0800029b   Thumb Code     0  startup_stm32f429xx.o(.text)
    FLASH_IRQHandler                         0x0800029b   Thumb Code     0  startup_stm32f429xx.o(.text)
    FMC_IRQHandler                           0x0800029b   Thumb Code     0  startup_stm32f429xx.o(.text)
    FPU_IRQHandler                           0x0800029b   Thumb Code     0  startup_stm32f429xx.o(.text)
    HASH_RNG_IRQHandler                      0x0800029b   Thumb Code     0  startup_stm32f429xx.o(.text)
    I2C1_ER_IRQHandler                       0x0800029b   Thumb Code     0  startup_stm32f429xx.o(.text)
    I2C1_EV_IRQHandler                       0x0800029b   Thumb Code     0  startup_stm32f429xx.o(.text)
    I2C2_ER_IRQHandler                       0x0800029b   Thumb Code     0  startup_stm32f429xx.o(.text)
    I2C2_EV_IRQHandler                       0x0800029b   Thumb Code     0  startup_stm32f429xx.o(.text)
    I2C3_ER_IRQHandler                       0x0800029b   Thumb Code     0  startup_stm32f429xx.o(.text)
    I2C3_EV_IRQHandler                       0x0800029b   Thumb Code     0  startup_stm32f429xx.o(.text)
    LTDC_ER_IRQHandler                       0x0800029b   Thumb Code     0  startup_stm32f429xx.o(.text)
    LTDC_IRQHandler                          0x0800029b   Thumb Code     0  startup_stm32f429xx.o(.text)
    OTG_FS_IRQHandler                        0x0800029b   Thumb Code     0  startup_stm32f429xx.o(.text)
    OTG_FS_WKUP_IRQHandler                   0x0800029b   Thumb Code     0  startup_stm32f429xx.o(.text)
    OTG_HS_EP1_IN_IRQHandler                 0x0800029b   Thumb Code     0  startup_stm32f429xx.o(.text)
    OTG_HS_EP1_OUT_IRQHandler                0x0800029b   Thumb Code     0  startup_stm32f429xx.o(.text)
    OTG_HS_IRQHandler                        0x0800029b   Thumb Code     0  startup_stm32f429xx.o(.text)
    OTG_HS_WKUP_IRQHandler                   0x0800029b   Thumb Code     0  startup_stm32f429xx.o(.text)
    PVD_IRQHandler                           0x0800029b   Thumb Code     0  startup_stm32f429xx.o(.text)
    RCC_IRQHandler                           0x0800029b   Thumb Code     0  startup_stm32f429xx.o(.text)
    RTC_Alarm_IRQHandler                     0x0800029b   Thumb Code     0  startup_stm32f429xx.o(.text)
    RTC_WKUP_IRQHandler                      0x0800029b   Thumb Code     0  startup_stm32f429xx.o(.text)
    SAI1_IRQHandler                          0x0800029b   Thumb Code     0  startup_stm32f429xx.o(.text)
    SDIO_IRQHandler                          0x0800029b   Thumb Code     0  startup_stm32f429xx.o(.text)
    SPI1_IRQHandler                          0x0800029b   Thumb Code     0  startup_stm32f429xx.o(.text)
    SPI2_IRQHandler                          0x0800029b   Thumb Code     0  startup_stm32f429xx.o(.text)
    SPI3_IRQHandler                          0x0800029b   Thumb Code     0  startup_stm32f429xx.o(.text)
    SPI4_IRQHandler                          0x0800029b   Thumb Code     0  startup_stm32f429xx.o(.text)
    SPI5_IRQHandler                          0x0800029b   Thumb Code     0  startup_stm32f429xx.o(.text)
    SPI6_IRQHandler                          0x0800029b   Thumb Code     0  startup_stm32f429xx.o(.text)
    TAMP_STAMP_IRQHandler                    0x0800029b   Thumb Code     0  startup_stm32f429xx.o(.text)
    TIM1_BRK_TIM9_IRQHandler                 0x0800029b   Thumb Code     0  startup_stm32f429xx.o(.text)
    TIM1_CC_IRQHandler                       0x0800029b   Thumb Code     0  startup_stm32f429xx.o(.text)
    TIM1_TRG_COM_TIM11_IRQHandler            0x0800029b   Thumb Code     0  startup_stm32f429xx.o(.text)
    TIM1_UP_TIM10_IRQHandler                 0x0800029b   Thumb Code     0  startup_stm32f429xx.o(.text)
    TIM2_IRQHandler                          0x0800029b   Thumb Code     0  startup_stm32f429xx.o(.text)
    TIM3_IRQHandler                          0x0800029b   Thumb Code     0  startup_stm32f429xx.o(.text)
    TIM4_IRQHandler                          0x0800029b   Thumb Code     0  startup_stm32f429xx.o(.text)
    TIM5_IRQHandler                          0x0800029b   Thumb Code     0  startup_stm32f429xx.o(.text)
    TIM7_IRQHandler                          0x0800029b   Thumb Code     0  startup_stm32f429xx.o(.text)
    TIM8_BRK_TIM12_IRQHandler                0x0800029b   Thumb Code     0  startup_stm32f429xx.o(.text)
    TIM8_CC_IRQHandler                       0x0800029b   Thumb Code     0  startup_stm32f429xx.o(.text)
    TIM8_TRG_COM_TIM14_IRQHandler            0x0800029b   Thumb Code     0  startup_stm32f429xx.o(.text)
    TIM8_UP_TIM13_IRQHandler                 0x0800029b   Thumb Code     0  startup_stm32f429xx.o(.text)
    UART4_IRQHandler                         0x0800029b   Thumb Code     0  startup_stm32f429xx.o(.text)
    UART5_IRQHandler                         0x0800029b   Thumb Code     0  startup_stm32f429xx.o(.text)
    UART7_IRQHandler                         0x0800029b   Thumb Code     0  startup_stm32f429xx.o(.text)
    UART8_IRQHandler                         0x0800029b   Thumb Code     0  startup_stm32f429xx.o(.text)
    USART1_IRQHandler                        0x0800029b   Thumb Code     0  startup_stm32f429xx.o(.text)
    USART2_IRQHandler                        0x0800029b   Thumb Code     0  startup_stm32f429xx.o(.text)
    USART3_IRQHandler                        0x0800029b   Thumb Code     0  startup_stm32f429xx.o(.text)
    USART6_IRQHandler                        0x0800029b   Thumb Code     0  startup_stm32f429xx.o(.text)
    WWDG_IRQHandler                          0x0800029b   Thumb Code     0  startup_stm32f429xx.o(.text)
    __aeabi_uldivmod                         0x080002a5   Thumb Code    98  uldiv.o(.text)
    __aeabi_memcpy                           0x08000307   Thumb Code    36  memcpya.o(.text)
    __aeabi_memcpy4                          0x08000307   Thumb Code     0  memcpya.o(.text)
    __aeabi_memcpy8                          0x08000307   Thumb Code     0  memcpya.o(.text)
    __aeabi_memset                           0x0800032b   Thumb Code    14  memseta.o(.text)
    __aeabi_memset4                          0x0800032b   Thumb Code     0  memseta.o(.text)
    __aeabi_memset8                          0x0800032b   Thumb Code     0  memseta.o(.text)
    __aeabi_memclr                           0x08000339   Thumb Code     4  memseta.o(.text)
    __aeabi_memclr4                          0x08000339   Thumb Code     0  memseta.o(.text)
    __aeabi_memclr8                          0x08000339   Thumb Code     0  memseta.o(.text)
    memset                                   0x0800033d   Thumb Code    18  memseta.o(.text)
    __aeabi_llsl                             0x0800034f   Thumb Code    30  llshl.o(.text)
    _ll_shift_l                              0x0800034f   Thumb Code     0  llshl.o(.text)
    __aeabi_llsr                             0x0800036d   Thumb Code    32  llushr.o(.text)
    _ll_ushift_r                             0x0800036d   Thumb Code     0  llushr.o(.text)
    __scatterload                            0x0800038d   Thumb Code    28  init.o(.text)
    __scatterload_rt2                        0x0800038d   Thumb Code     0  init.o(.text)
    BusFault_Handler                         0x080003b1   Thumb Code     4  stm32f4xx_it.o(i.BusFault_Handler)
    DebugMon_Handler                         0x080003b5   Thumb Code     2  stm32f4xx_it.o(i.DebugMon_Handler)
    Error_Handler                            0x080003b7   Thumb Code     6  main.o(i.Error_Handler)
    HAL_Delay                                0x080003bd   Thumb Code    36  delay.o(i.HAL_Delay)
    HAL_GPIO_Init                            0x080003e5   Thumb Code   474  stm32f4xx_hal_gpio.o(i.HAL_GPIO_Init)
    HAL_GPIO_WritePin                        0x080005f5   Thumb Code    12  stm32f4xx_hal_gpio.o(i.HAL_GPIO_WritePin)
    HAL_GetTick                              0x08000601   Thumb Code     6  stm32f4xx_hal.o(i.HAL_GetTick)
    HAL_IncTick                              0x0800060d   Thumb Code    16  stm32f4xx_hal.o(i.HAL_IncTick)
    HAL_Init                                 0x08000625   Thumb Code    54  stm32f4xx_hal.o(i.HAL_Init)
    HAL_InitTick                             0x08000661   Thumb Code    64  stm32f4xx_hal.o(i.HAL_InitTick)
    HAL_MspInit                              0x080006ad   Thumb Code    78  stm32f4xx_hal_msp.o(i.HAL_MspInit)
    HAL_NVIC_EnableIRQ                       0x08000701   Thumb Code    40  stm32f4xx_hal_cortex.o(i.HAL_NVIC_EnableIRQ)
    HAL_NVIC_SetPriority                     0x08000729   Thumb Code   124  stm32f4xx_hal_cortex.o(i.HAL_NVIC_SetPriority)
    HAL_NVIC_SetPriorityGrouping             0x080007a5   Thumb Code    32  stm32f4xx_hal_cortex.o(i.HAL_NVIC_SetPriorityGrouping)
    HAL_PWREx_EnableOverDrive                0x080007cd   Thumb Code   128  stm32f4xx_hal_pwr_ex.o(i.HAL_PWREx_EnableOverDrive)
    HAL_RCC_ClockConfig                      0x08000859   Thumb Code   368  stm32f4xx_hal_rcc.o(i.HAL_RCC_ClockConfig)
    HAL_RCC_GetHCLKFreq                      0x080009dd   Thumb Code     6  stm32f4xx_hal_rcc.o(i.HAL_RCC_GetHCLKFreq)
    HAL_RCC_GetPCLK1Freq                     0x080009e9   Thumb Code    22  stm32f4xx_hal_rcc.o(i.HAL_RCC_GetPCLK1Freq)
    HAL_RCC_GetPCLK2Freq                     0x08000a09   Thumb Code    22  stm32f4xx_hal_rcc.o(i.HAL_RCC_GetPCLK2Freq)
    HAL_RCC_GetSysClockFreq                  0x08000a29   Thumb Code   162  stm32f4xx_hal_rcc.o(i.HAL_RCC_GetSysClockFreq)
    HAL_RCC_OscConfig                        0x08000ad9   Thumb Code  1172  stm32f4xx_hal_rcc.o(i.HAL_RCC_OscConfig)
    HAL_SYSTICK_Config                       0x08000f75   Thumb Code    52  stm32f4xx_hal_cortex.o(i.HAL_SYSTICK_Config)
    HAL_TIMEx_BreakCallback                  0x08000fa9   Thumb Code     2  stm32f4xx_hal_tim_ex.o(i.HAL_TIMEx_BreakCallback)
    HAL_TIMEx_CommutCallback                 0x08000fab   Thumb Code     2  stm32f4xx_hal_tim_ex.o(i.HAL_TIMEx_CommutCallback)
    HAL_TIMEx_MasterConfigSynchronization    0x08000fad   Thumb Code   150  stm32f4xx_hal_tim_ex.o(i.HAL_TIMEx_MasterConfigSynchronization)
    HAL_TIM_Base_Init                        0x08001061   Thumb Code   102  stm32f4xx_hal_tim.o(i.HAL_TIM_Base_Init)
    HAL_TIM_Base_MspInit                     0x080010c9   Thumb Code    62  tim.o(i.HAL_TIM_Base_MspInit)
    HAL_TIM_Base_Start_IT                    0x08001111   Thumb Code   138  stm32f4xx_hal_tim.o(i.HAL_TIM_Base_Start_IT)
    HAL_TIM_IC_CaptureCallback               0x080011b9   Thumb Code     2  stm32f4xx_hal_tim.o(i.HAL_TIM_IC_CaptureCallback)
    HAL_TIM_IRQHandler                       0x080011bb   Thumb Code   364  stm32f4xx_hal_tim.o(i.HAL_TIM_IRQHandler)
    HAL_TIM_OC_DelayElapsedCallback          0x08001327   Thumb Code     2  stm32f4xx_hal_tim.o(i.HAL_TIM_OC_DelayElapsedCallback)
    HAL_TIM_PWM_PulseFinishedCallback        0x08001329   Thumb Code     2  stm32f4xx_hal_tim.o(i.HAL_TIM_PWM_PulseFinishedCallback)
    HAL_TIM_PeriodElapsedCallback            0x0800132d   Thumb Code    18  tim.o(i.HAL_TIM_PeriodElapsedCallback)
    HAL_TIM_TriggerCallback                  0x08001345   Thumb Code     2  stm32f4xx_hal_tim.o(i.HAL_TIM_TriggerCallback)
    HAL_UART_Init                            0x08001347   Thumb Code   118  stm32f4xx_hal_uart.o(i.HAL_UART_Init)
    HAL_UART_MspInit                         0x080013bd   Thumb Code   140  uart.o(i.HAL_UART_MspInit)
    HardFault_Handler                        0x08001455   Thumb Code     4  stm32f4xx_it.o(i.HardFault_Handler)
    LED_Init                                 0x08001459   Thumb Code   142  led.o(i.LED_Init)
    MX_FREERTOS_Init                         0x080014f1   Thumb Code    30  freertos.o(i.MX_FREERTOS_Init)
    MemManage_Handler                        0x08001535   Thumb Code     4  stm32f4xx_it.o(i.MemManage_Handler)
    NMI_Handler                              0x08001539   Thumb Code     2  stm32f4xx_it.o(i.NMI_Handler)
    StartDefaultTask                         0x0800153d   Thumb Code    40  freertos.o(i.StartDefaultTask)
    SysTick_Handler                          0x08001569   Thumb Code    22  cmsis_os2.o(i.SysTick_Handler)
    SystemClock_Config                       0x08001581   Thumb Code   180  main.o(i.SystemClock_Config)
    SystemInit                               0x0800163d   Thumb Code    14  system_stm32f4xx.o(i.SystemInit)
    TIM6_DAC_IRQHandler                      0x08001651   Thumb Code    10  stm32f4xx_it.o(i.TIM6_DAC_IRQHandler)
    TIM_Base_SetConfig                       0x08001661   Thumb Code   178  stm32f4xx_hal_tim.o(i.TIM_Base_SetConfig)
    UsageFault_Handler                       0x0800196d   Thumb Code     4  stm32f4xx_it.o(i.UsageFault_Handler)
    __0printf$bare                           0x08001971   Thumb Code     8  printfb.o(i.__0printf$bare)
    __1printf$bare                           0x08001971   Thumb Code     0  printfb.o(i.__0printf$bare)
    __2printf                                0x08001971   Thumb Code     0  printfb.o(i.__0printf$bare)
    __scatterload_copy                       0x080019bf   Thumb Code    14  handlers.o(i.__scatterload_copy)
    __scatterload_null                       0x080019cd   Thumb Code     2  handlers.o(i.__scatterload_null)
    __scatterload_zeroinit                   0x080019cf   Thumb Code    14  handlers.o(i.__scatterload_zeroinit)
    fputc                                    0x08001a01   Thumb Code    22  uart.o(i.fputc)
    main                                     0x08001a1d   Thumb Code   108  main.o(i.main)
    osKernelInitialize                       0x08001aa1   Thumb Code    38  cmsis_os2.o(i.osKernelInitialize)
    osKernelStart                            0x08001acd   Thumb Code    82  cmsis_os2.o(i.osKernelStart)
    osThreadNew                              0x08001b2d   Thumb Code   184  cmsis_os2.o(i.osThreadNew)
    pvPortMalloc                             0x08002729   Thumb Code   480  heap_4.o(i.pvPortMalloc)
    pxPortInitialiseStack                    0x08002921   Thumb Code    38  port.o(i.pxPortInitialiseStack)
    tim6_init                                0x0800294d   Thumb Code    66  tim.o(i.tim6_init)
    uart_init                                0x08002999   Thumb Code    34  uart.o(i.uart_init)
    uxListRemove                             0x080029c5   Thumb Code    40  list.o(i.uxListRemove)
    vApplicationGetIdleTaskMemory            0x080029ed   Thumb Code    14  tasks.o(i.vApplicationGetIdleTaskMemory)
    vApplicationGetTimerTaskMemory           0x08002a05   Thumb Code    14  tasks.o(i.vApplicationGetTimerTaskMemory)
    vApplicationStackOverflowHook            0x08002a1d   Thumb Code    22  cmsis_os2.o(i.vApplicationStackOverflowHook)
    vListInitialise                          0x08002a33   Thumb Code    26  list.o(i.vListInitialise)
    vListInitialiseItem                      0x08002a4d   Thumb Code     6  list.o(i.vListInitialiseItem)
    vListInsert                              0x08002a53   Thumb Code    52  list.o(i.vListInsert)
    vPortEnterCritical                       0x08002a89   Thumb Code    76  port.o(i.vPortEnterCritical)
    vPortExitCritical                        0x08002add   Thumb Code    56  port.o(i.vPortExitCritical)
    vPortFree                                0x08002b19   Thumb Code   204  heap_4.o(i.vPortFree)
    vPortSetupTimerInterrupt                 0x08002bf1   Thumb Code    36  port.o(i.vPortSetupTimerInterrupt)
    vQueueWaitForMessageRestricted           0x08002c19   Thumb Code    74  queue.o(i.vQueueWaitForMessageRestricted)
    vTaskInternalSetTimeOutState             0x08002c65   Thumb Code    14  tasks.o(i.vTaskInternalSetTimeOutState)
    vTaskMissedYield                         0x08002c7d   Thumb Code     8  tasks.o(i.vTaskMissedYield)
    vTaskPlaceOnEventList                    0x08002c89   Thumb Code    52  tasks.o(i.vTaskPlaceOnEventList)
    vTaskPlaceOnEventListRestricted          0x08002cc1   Thumb Code    98  tasks.o(i.vTaskPlaceOnEventListRestricted)
    vTaskStartScheduler                      0x08002d29   Thumb Code   106  tasks.o(i.vTaskStartScheduler)
    vTaskSuspendAll                          0x08002da5   Thumb Code    12  tasks.o(i.vTaskSuspendAll)
    vTaskSwitchContext                       0x08002db5   Thumb Code   198  tasks.o(i.vTaskSwitchContext)
    xPortStartScheduler                      0x08002e91   Thumb Code   330  port.o(i.xPortStartScheduler)
    xPortSysTickHandler                      0x08002ff9   Thumb Code    46  port.o(i.xPortSysTickHandler)
    xQueueGenericCreateStatic                0x0800302d   Thumb Code   154  queue.o(i.xQueueGenericCreateStatic)
    xQueueGenericReset                       0x080030c9   Thumb Code   214  queue.o(i.xQueueGenericReset)
    xQueueReceive                            0x080031a5   Thumb Code   356  queue.o(i.xQueueReceive)
    xTaskCheckForTimeOut                     0x0800330d   Thumb Code   136  tasks.o(i.xTaskCheckForTimeOut)
    xTaskCreate                              0x0800339d   Thumb Code    56  tasks.o(i.xTaskCreate)
    xTaskCreateStatic                        0x080033d5   Thumb Code    64  tasks.o(i.xTaskCreateStatic)
    xTaskGetSchedulerState                   0x08003415   Thumb Code    24  tasks.o(i.xTaskGetSchedulerState)
    xTaskGetTickCount                        0x08003435   Thumb Code     6  tasks.o(i.xTaskGetTickCount)
    xTaskIncrementTick                       0x08003441   Thumb Code   392  tasks.o(i.xTaskIncrementTick)
    xTaskRemoveFromEventList                 0x080035f5   Thumb Code   282  tasks.o(i.xTaskRemoveFromEventList)
    xTaskResumeAll                           0x08003729   Thumb Code   382  tasks.o(i.xTaskResumeAll)
    xTimerCreateTimerTask                    0x080038cd   Thumb Code   100  timers.o(i.xTimerCreateTimerTask)
    AHBPrescTable                            0x08003944   Data          16  system_stm32f4xx.o(.constdata)
    APBPrescTable                            0x08003954   Data           8  system_stm32f4xx.o(.constdata)
    defaultTask_attributes                   0x0800395c   Data          36  freertos.o(.constdata)
    Region$$Table$$Base                      0x0800398c   Number         0  anon$$obj.o(Region$$Table)
    Region$$Table$$Limit                     0x080039ac   Number         0  anon$$obj.o(Region$$Table)
    SystemCoreClock                          0x20000000   Data           4  system_stm32f4xx.o(.data)
    uwTick                                   0x20000004   Data           4  stm32f4xx_hal.o(.data)
    uwTickPrio                               0x20000008   Data           4  stm32f4xx_hal.o(.data)
    uwTickFreq                               0x2000000c   Data           1  stm32f4xx_hal.o(.data)
    defaultTaskHandle                        0x20000010   Data           4  freertos.o(.data)
    pxCurrentTCB                             0x20000014   Data           4  tasks.o(.data)
    __stdout                                 0x20000094   Data           4  stdout.o(.data)
    UART1_Handler                            0x20000098   Data          72  uart.o(.bss)
    htim6                                    0x200000e0   Data          72  tim.o(.bss)
    __initial_sp                             0x20001fc0   Data           0  startup_stm32f429xx.o(STACK)



==============================================================================

Memory Map of the image

  Image Entry point : 0x080001ad

  Load Region LR_IROM1 (Base: 0x08000000, Size: 0x00003a44, Max: 0x00100000, ABSOLUTE)

    Execution Region ER_IROM1 (Exec base: 0x08000000, Load base: 0x08000000, Size: 0x000039ac, Max: 0x00100000, ABSOLUTE)

    Exec Addr    Load Addr    Size         Type   Attr      Idx    E Section Name        Object

    0x08000000   0x08000000   0x000001ac   Data   RO            3    RESET               startup_stm32f429xx.o
    0x080001ac   0x080001ac   0x00000000   Code   RO         5137  * .ARM.Collect$$$$00000000  mc_w.l(entry.o)
    0x080001ac   0x080001ac   0x00000004   Code   RO         5410    .ARM.Collect$$$$00000001  mc_w.l(entry2.o)
    0x080001b0   0x080001b0   0x00000004   Code   RO         5413    .ARM.Collect$$$$00000004  mc_w.l(entry5.o)
    0x080001b4   0x080001b4   0x00000000   Code   RO         5415    .ARM.Collect$$$$00000008  mc_w.l(entry7b.o)
    0x080001b4   0x080001b4   0x00000000   Code   RO         5417    .ARM.Collect$$$$0000000A  mc_w.l(entry8b.o)
    0x080001b4   0x080001b4   0x00000008   Code   RO         5418    .ARM.Collect$$$$0000000B  mc_w.l(entry9a.o)
    0x080001bc   0x080001bc   0x00000000   Code   RO         5420    .ARM.Collect$$$$0000000D  mc_w.l(entry10a.o)
    0x080001bc   0x080001bc   0x00000000   Code   RO         5422    .ARM.Collect$$$$0000000F  mc_w.l(entry11a.o)
    0x080001bc   0x080001bc   0x00000004   Code   RO         5411    .ARM.Collect$$$$00002712  mc_w.l(entry2.o)
    0x080001c0   0x080001c0   0x000000be   Code   RO         5051    .emb_text           port.o
    0x0800027e   0x0800027e   0x00000002   PAD
    0x08000280   0x08000280   0x00000024   Code   RO            4    .text               startup_stm32f429xx.o
    0x080002a4   0x080002a4   0x00000062   Code   RO         5140    .text               mc_w.l(uldiv.o)
    0x08000306   0x08000306   0x00000024   Code   RO         5142    .text               mc_w.l(memcpya.o)
    0x0800032a   0x0800032a   0x00000024   Code   RO         5146    .text               mc_w.l(memseta.o)
    0x0800034e   0x0800034e   0x0000001e   Code   RO         5427    .text               mc_w.l(llshl.o)
    0x0800036c   0x0800036c   0x00000020   Code   RO         5429    .text               mc_w.l(llushr.o)
    0x0800038c   0x0800038c   0x00000024   Code   RO         5442    .text               mc_w.l(init.o)
    0x080003b0   0x080003b0   0x00000004   Code   RO         2911    i.BusFault_Handler  stm32f4xx_it.o
    0x080003b4   0x080003b4   0x00000002   Code   RO         2912    i.DebugMon_Handler  stm32f4xx_it.o
    0x080003b6   0x080003b6   0x00000006   Code   RO         2822    i.Error_Handler     main.o
    0x080003bc   0x080003bc   0x00000028   Code   RO         3182    i.HAL_Delay         delay.o
    0x080003e4   0x080003e4   0x00000210   Code   RO          629    i.HAL_GPIO_Init     stm32f4xx_hal_gpio.o
    0x080005f4   0x080005f4   0x0000000c   Code   RO          633    i.HAL_GPIO_WritePin  stm32f4xx_hal_gpio.o
    0x08000600   0x08000600   0x0000000c   Code   RO          281    i.HAL_GetTick       stm32f4xx_hal.o
    0x0800060c   0x0800060c   0x00000018   Code   RO          287    i.HAL_IncTick       stm32f4xx_hal.o
    0x08000624   0x08000624   0x0000003c   Code   RO          288    i.HAL_Init          stm32f4xx_hal.o
    0x08000660   0x08000660   0x0000004c   Code   RO          289    i.HAL_InitTick      stm32f4xx_hal.o
    0x080006ac   0x080006ac   0x00000054   Code   RO         2975    i.HAL_MspInit       stm32f4xx_hal_msp.o
    0x08000700   0x08000700   0x00000028   Code   RO          476    i.HAL_NVIC_EnableIRQ  stm32f4xx_hal_cortex.o
    0x08000728   0x08000728   0x0000007c   Code   RO          482    i.HAL_NVIC_SetPriority  stm32f4xx_hal_cortex.o
    0x080007a4   0x080007a4   0x00000028   Code   RO          483    i.HAL_NVIC_SetPriorityGrouping  stm32f4xx_hal_cortex.o
    0x080007cc   0x080007cc   0x0000008c   Code   RO          818    i.HAL_PWREx_EnableOverDrive  stm32f4xx_hal_pwr_ex.o
    0x08000858   0x08000858   0x00000184   Code   RO          885    i.HAL_RCC_ClockConfig  stm32f4xx_hal_rcc.o
    0x080009dc   0x080009dc   0x0000000c   Code   RO          890    i.HAL_RCC_GetHCLKFreq  stm32f4xx_hal_rcc.o
    0x080009e8   0x080009e8   0x00000020   Code   RO          892    i.HAL_RCC_GetPCLK1Freq  stm32f4xx_hal_rcc.o
    0x08000a08   0x08000a08   0x00000020   Code   RO          893    i.HAL_RCC_GetPCLK2Freq  stm32f4xx_hal_rcc.o
    0x08000a28   0x08000a28   0x000000b0   Code   RO          894    i.HAL_RCC_GetSysClockFreq  stm32f4xx_hal_rcc.o
    0x08000ad8   0x08000ad8   0x0000049c   Code   RO          897    i.HAL_RCC_OscConfig  stm32f4xx_hal_rcc.o
    0x08000f74   0x08000f74   0x00000034   Code   RO          487    i.HAL_SYSTICK_Config  stm32f4xx_hal_cortex.o
    0x08000fa8   0x08000fa8   0x00000002   Code   RO         1769    i.HAL_TIMEx_BreakCallback  stm32f4xx_hal_tim_ex.o
    0x08000faa   0x08000faa   0x00000002   Code   RO         1770    i.HAL_TIMEx_CommutCallback  stm32f4xx_hal_tim_ex.o
    0x08000fac   0x08000fac   0x000000b4   Code   RO         1788    i.HAL_TIMEx_MasterConfigSynchronization  stm32f4xx_hal_tim_ex.o
    0x08001060   0x08001060   0x00000066   Code   RO         1054    i.HAL_TIM_Base_Init  stm32f4xx_hal_tim.o
    0x080010c6   0x080010c6   0x00000002   PAD
    0x080010c8   0x080010c8   0x00000048   Code   RO         3125    i.HAL_TIM_Base_MspInit  tim.o
    0x08001110   0x08001110   0x000000a8   Code   RO         1059    i.HAL_TIM_Base_Start_IT  stm32f4xx_hal_tim.o
    0x080011b8   0x080011b8   0x00000002   Code   RO         1088    i.HAL_TIM_IC_CaptureCallback  stm32f4xx_hal_tim.o
    0x080011ba   0x080011ba   0x0000016c   Code   RO         1102    i.HAL_TIM_IRQHandler  stm32f4xx_hal_tim.o
    0x08001326   0x08001326   0x00000002   Code   RO         1105    i.HAL_TIM_OC_DelayElapsedCallback  stm32f4xx_hal_tim.o
    0x08001328   0x08001328   0x00000002   Code   RO         1132    i.HAL_TIM_PWM_PulseFinishedCallback  stm32f4xx_hal_tim.o
    0x0800132a   0x0800132a   0x00000002   PAD
    0x0800132c   0x0800132c   0x00000018   Code   RO         3126    i.HAL_TIM_PeriodElapsedCallback  tim.o
    0x08001344   0x08001344   0x00000002   Code   RO         1145    i.HAL_TIM_TriggerCallback  stm32f4xx_hal_tim.o
    0x08001346   0x08001346   0x00000076   Code   RO         2066    i.HAL_UART_Init     stm32f4xx_hal_uart.o
    0x080013bc   0x080013bc   0x00000098   Code   RO         3074    i.HAL_UART_MspInit  uart.o
    0x08001454   0x08001454   0x00000004   Code   RO         2913    i.HardFault_Handler  stm32f4xx_it.o
    0x08001458   0x08001458   0x00000098   Code   RO         3049    i.LED_Init          led.o
    0x080014f0   0x080014f0   0x00000044   Code   RO         3004    i.MX_FREERTOS_Init  freertos.o
    0x08001534   0x08001534   0x00000004   Code   RO         2914    i.MemManage_Handler  stm32f4xx_it.o
    0x08001538   0x08001538   0x00000002   Code   RO         2915    i.NMI_Handler       stm32f4xx_it.o
    0x0800153a   0x0800153a   0x00000002   PAD
    0x0800153c   0x0800153c   0x0000002c   Code   RO         3005    i.StartDefaultTask  freertos.o
    0x08001568   0x08001568   0x00000016   Code   RO         4457    i.SysTick_Handler   cmsis_os2.o
    0x0800157e   0x0800157e   0x00000002   PAD
    0x08001580   0x08001580   0x000000bc   Code   RO         2823    i.SystemClock_Config  main.o
    0x0800163c   0x0800163c   0x00000014   Code   RO           14    i.SystemInit        system_stm32f4xx.o
    0x08001650   0x08001650   0x00000010   Code   RO         2916    i.TIM6_DAC_IRQHandler  stm32f4xx_it.o
    0x08001660   0x08001660   0x000000e0   Code   RO         1147    i.TIM_Base_SetConfig  stm32f4xx_hal_tim.o
    0x08001740   0x08001740   0x0000022c   Code   RO         2093    i.UART_SetConfig    stm32f4xx_hal_uart.o
    0x0800196c   0x0800196c   0x00000004   Code   RO         2917    i.UsageFault_Handler  stm32f4xx_it.o
    0x08001970   0x08001970   0x00000010   Code   RO         5151    i.__0printf$bare    mc_w.l(printfb.o)
    0x08001980   0x08001980   0x00000010   Code   RO          489    i.__NVIC_GetPriorityGrouping  stm32f4xx_hal_cortex.o
    0x08001990   0x08001990   0x00000028   Code   RO          490    i.__NVIC_SetPriority  stm32f4xx_hal_cortex.o
    0x080019b8   0x080019b8   0x00000006   Code   RO         4459    i.__get_IPSR        cmsis_os2.o
    0x080019be   0x080019be   0x0000000e   Code   RO         5450    i.__scatterload_copy  mc_w.l(handlers.o)
    0x080019cc   0x080019cc   0x00000002   Code   RO         5451    i.__scatterload_null  mc_w.l(handlers.o)
    0x080019ce   0x080019ce   0x0000000e   Code   RO         5452    i.__scatterload_zeroinit  mc_w.l(handlers.o)
    0x080019dc   0x080019dc   0x00000022   Code   RO         5158    i._printf_core      mc_w.l(printfb.o)
    0x080019fe   0x080019fe   0x00000002   PAD
    0x08001a00   0x08001a00   0x0000001c   Code   RO         3075    i.fputc             uart.o
    0x08001a1c   0x08001a1c   0x00000084   Code   RO         2824    i.main              main.o
    0x08001aa0   0x08001aa0   0x0000002c   Code   RO         4474    i.osKernelInitialize  cmsis_os2.o
    0x08001acc   0x08001acc   0x00000060   Code   RO         4477    i.osKernelStart     cmsis_os2.o
    0x08001b2c   0x08001b2c   0x000000b8   Code   RO         4519    i.osThreadNew       cmsis_os2.o
    0x08001be4   0x08001be4   0x000000b0   Code   RO         3808    i.prvAddCurrentTaskToDelayedList  tasks.o
    0x08001c94   0x08001c94   0x000000f8   Code   RO         3809    i.prvAddNewTaskToReadyList  tasks.o
    0x08001d8c   0x08001d8c   0x0000005c   Code   RO         4241    i.prvCheckForValidListAndQueue  timers.o
    0x08001de8   0x08001de8   0x00000048   Code   RO         3810    i.prvCheckTasksWaitingTermination  tasks.o
    0x08001e30   0x08001e30   0x0000002a   Code   RO         3370    i.prvCopyDataFromQueue  queue.o
    0x08001e5a   0x08001e5a   0x00000002   PAD
    0x08001e5c   0x08001e5c   0x00000088   Code   RO         3811    i.prvCreateIdleTasks  tasks.o
    0x08001ee4   0x08001ee4   0x000000b8   Code   RO         3812    i.prvCreateStaticTask  tasks.o
    0x08001f9c   0x08001f9c   0x0000005e   Code   RO         3813    i.prvCreateTask     tasks.o
    0x08001ffa   0x08001ffa   0x00000050   Code   RO         3814    i.prvDeleteTCB      tasks.o
    0x0800204a   0x0800204a   0x00000002   PAD
    0x0800204c   0x0800204c   0x00000028   Code   RO         4242    i.prvGetNextExpireTime  timers.o
    0x08002074   0x08002074   0x0000006c   Code   RO         4981    i.prvHeapInit       heap_4.o
    0x080020e0   0x080020e0   0x00000028   Code   RO         3815    i.prvIdleTask       tasks.o
    0x08002108   0x08002108   0x0000002a   Code   RO         3374    i.prvInitialiseNewQueue  queue.o
    0x08002132   0x08002132   0x000000cc   Code   RO         3816    i.prvInitialiseNewTask  tasks.o
    0x080021fe   0x080021fe   0x00000002   PAD
    0x08002200   0x08002200   0x00000068   Code   RO         3817    i.prvInitialiseTaskLists  tasks.o
    0x08002268   0x08002268   0x000000a0   Code   RO         4982    i.prvInsertBlockIntoFreeList  heap_4.o
    0x08002308   0x08002308   0x00000058   Code   RO         4244    i.prvInsertTimerInActiveList  timers.o
    0x08002360   0x08002360   0x0000001a   Code   RO         3375    i.prvIsQueueEmpty   queue.o
    0x0800237a   0x0800237a   0x00000002   PAD
    0x0800237c   0x0800237c   0x00000044   Code   RO         4245    i.prvProcessExpiredTimer  timers.o
    0x080023c0   0x080023c0   0x00000154   Code   RO         4246    i.prvProcessReceivedCommands  timers.o
    0x08002514   0x08002514   0x00000074   Code   RO         4247    i.prvProcessTimerOrBlockTask  timers.o
    0x08002588   0x08002588   0x00000028   Code   RO         4248    i.prvReloadTimer    timers.o
    0x080025b0   0x080025b0   0x00000030   Code   RO         3819    i.prvResetNextTaskUnblockTime  tasks.o
    0x080025e0   0x080025e0   0x0000002c   Code   RO         4249    i.prvSampleTimeNow  timers.o
    0x0800260c   0x0800260c   0x00000044   Code   RO         4250    i.prvSwitchTimerLists  timers.o
    0x08002650   0x08002650   0x00000040   Code   RO         5052    i.prvTaskExitError  port.o
    0x08002690   0x08002690   0x0000001a   Code   RO         4251    i.prvTimerTask      timers.o
    0x080026aa   0x080026aa   0x0000007e   Code   RO         3377    i.prvUnlockQueue    queue.o
    0x08002728   0x08002728   0x000001f8   Code   RO         4984    i.pvPortMalloc      heap_4.o
    0x08002920   0x08002920   0x0000002c   Code   RO         5053    i.pxPortInitialiseStack  port.o
    0x0800294c   0x0800294c   0x0000004c   Code   RO         3127    i.tim6_init         tim.o
    0x08002998   0x08002998   0x0000002c   Code   RO         3076    i.uart_init         uart.o
    0x080029c4   0x080029c4   0x00000028   Code   RO         3331    i.uxListRemove      list.o
    0x080029ec   0x080029ec   0x00000018   Code   RO         3834    i.vApplicationGetIdleTaskMemory  tasks.o
    0x08002a04   0x08002a04   0x00000018   Code   RO         3835    i.vApplicationGetTimerTaskMemory  tasks.o
    0x08002a1c   0x08002a1c   0x00000016   Code   RO         4533    i.vApplicationStackOverflowHook  cmsis_os2.o
    0x08002a32   0x08002a32   0x0000001a   Code   RO         3332    i.vListInitialise   list.o
    0x08002a4c   0x08002a4c   0x00000006   Code   RO         3333    i.vListInitialiseItem  list.o
    0x08002a52   0x08002a52   0x00000034   Code   RO         3334    i.vListInsert       list.o
    0x08002a86   0x08002a86   0x00000002   PAD
    0x08002a88   0x08002a88   0x00000054   Code   RO         5055    i.vPortEnterCritical  port.o
    0x08002adc   0x08002adc   0x0000003c   Code   RO         5056    i.vPortExitCritical  port.o
    0x08002b18   0x08002b18   0x000000d8   Code   RO         4985    i.vPortFree         heap_4.o
    0x08002bf0   0x08002bf0   0x00000028   Code   RO         5057    i.vPortSetupTimerInterrupt  port.o
    0x08002c18   0x08002c18   0x0000004a   Code   RO         3387    i.vQueueWaitForMessageRestricted  queue.o
    0x08002c62   0x08002c62   0x00000002   PAD
    0x08002c64   0x08002c64   0x00000018   Code   RO         3841    i.vTaskInternalSetTimeOutState  tasks.o
    0x08002c7c   0x08002c7c   0x0000000c   Code   RO         3842    i.vTaskMissedYield  tasks.o
    0x08002c88   0x08002c88   0x00000038   Code   RO         3843    i.vTaskPlaceOnEventList  tasks.o
    0x08002cc0   0x08002cc0   0x00000068   Code   RO         3844    i.vTaskPlaceOnEventListRestricted  tasks.o
    0x08002d28   0x08002d28   0x0000007c   Code   RO         3853    i.vTaskStartScheduler  tasks.o
    0x08002da4   0x08002da4   0x00000010   Code   RO         3855    i.vTaskSuspendAll   tasks.o
    0x08002db4   0x08002db4   0x000000dc   Code   RO         3856    i.vTaskSwitchContext  tasks.o
    0x08002e90   0x08002e90   0x00000168   Code   RO         5059    i.xPortStartScheduler  port.o
    0x08002ff8   0x08002ff8   0x00000034   Code   RO         5060    i.xPortSysTickHandler  port.o
    0x0800302c   0x0800302c   0x0000009a   Code   RO         3393    i.xQueueGenericCreateStatic  queue.o
    0x080030c6   0x080030c6   0x00000002   PAD
    0x080030c8   0x080030c8   0x000000dc   Code   RO         3395    i.xQueueGenericReset  queue.o
    0x080031a4   0x080031a4   0x00000168   Code   RO         3406    i.xQueueReceive     queue.o
    0x0800330c   0x0800330c   0x00000090   Code   RO         3858    i.xTaskCheckForTimeOut  tasks.o
    0x0800339c   0x0800339c   0x00000038   Code   RO         3859    i.xTaskCreate       tasks.o
    0x080033d4   0x080033d4   0x00000040   Code   RO         3860    i.xTaskCreateStatic  tasks.o
    0x08003414   0x08003414   0x00000020   Code   RO         3868    i.xTaskGetSchedulerState  tasks.o
    0x08003434   0x08003434   0x0000000c   Code   RO         3870    i.xTaskGetTickCount  tasks.o
    0x08003440   0x08003440   0x000001b4   Code   RO         3872    i.xTaskIncrementTick  tasks.o
    0x080035f4   0x080035f4   0x00000134   Code   RO         3875    i.xTaskRemoveFromEventList  tasks.o
    0x08003728   0x08003728   0x000001a4   Code   RO         3876    i.xTaskResumeAll    tasks.o
    0x080038cc   0x080038cc   0x00000078   Code   RO         4261    i.xTimerCreateTimerTask  timers.o
    0x08003944   0x08003944   0x00000018   Data   RO           15    .constdata          system_stm32f4xx.o
    0x0800395c   0x0800395c   0x00000024   Data   RO         3006    .constdata          freertos.o
    0x08003980   0x08003980   0x0000000c   Data   RO         3007    .conststring        freertos.o
    0x0800398c   0x0800398c   0x00000020   Data   RO         5448    Region$$Table       anon$$obj.o


    Execution Region RW_IRAM1 (Exec base: 0x20000000, Load base: 0x080039ac, Size: 0x00001fc0, Max: 0x00030000, ABSOLUTE)

    Exec Addr    Load Addr    Size         Type   Attr      Idx    E Section Name        Object

    0x20000000   0x080039ac   0x00000004   Data   RW           16    .data               system_stm32f4xx.o
    0x20000004   0x080039b0   0x00000009   Data   RW          295    .data               stm32f4xx_hal.o
    0x2000000d   0x080039b9   0x00000003   PAD
    0x20000010   0x080039bc   0x00000004   Data   RW         3008    .data               freertos.o
    0x20000014   0x080039c0   0x00000040   Data   RW         3879    .data               tasks.o
    0x20000054   0x08003a00   0x00000014   Data   RW         4273    .data               timers.o
    0x20000068   0x08003a14   0x00000004   Data   RW         4535    .data               cmsis_os2.o
    0x2000006c   0x08003a18   0x0000001c   Data   RW         4992    .data               heap_4.o
    0x20000088   0x08003a34   0x0000000c   Data   RW         5061    .data               port.o
    0x20000094   0x08003a40   0x00000004   Data   RW         5424    .data               mc_w.l(stdout.o)
    0x20000098        -       0x00000048   Zero   RW         3077    .bss                uart.o
    0x200000e0        -       0x00000048   Zero   RW         3128    .bss                tim.o
    0x20000128        -       0x0000097c   Zero   RW         3878    .bss                tasks.o
    0x20000aa4        -       0x00000118   Zero   RW         4272    .bss                timers.o
    0x20000bbc        -       0x00001000   Zero   RW         4991    .bss                heap_4.o
    0x20001bbc   0x08003a44   0x00000004   PAD
    0x20001bc0        -       0x00000400   Zero   RW            1    STACK               startup_stm32f429xx.o


==============================================================================

Image component sizes


      Code (inc. data)   RO Data    RW Data    ZI Data      Debug   Object Name

       374         20          0          4          0      49096   cmsis_os2.o
        40          4          0          0          0        572   delay.o
         0          0          0          0          0      46028   event_groups.o
       112         42         48          4          0       5465   freertos.o
       988         70          0         28       4096       6463   heap_4.o
       152         10          0          0          0       1027   led.o
       124          0          0          0          0       2945   list.o
       326         32          0          0          0      10624   main.o
       894         78          0         12          0      11092   port.o
      1044         10          0          0          0      12194   queue.o
        36          8        428          0       1024        856   startup_stm32f429xx.o
       172         32          0          9          0       8629   stm32f4xx_hal.o
       312         22          0          0          0      33919   stm32f4xx_hal_cortex.o
       540         54          0          0          0       2056   stm32f4xx_hal_gpio.o
        84          6          0          0          0        958   stm32f4xx_hal_msp.o
       140         12          0          0          0       1268   stm32f4xx_hal_pwr_ex.o
      1820         84          0          0          0       5340   stm32f4xx_hal_rcc.o
       866         76          0          0          0       5643   stm32f4xx_hal_tim.o
       184         30          0          0          0       2393   stm32f4xx_hal_tim_ex.o
       674         10          0          0          0       1804   stm32f4xx_hal_uart.o
        36          6          0          0          0       3223   stm32f4xx_it.o
         0          0          0          0          0      38064   stream_buffer.o
        20          6         24          4          0     752807   system_stm32f4xx.o
      3462        350          0         64       2428      34724   tasks.o
       172         26          0          0         72       2315   tim.o
      1042        110          0         20        280      58692   timers.o
       224         28          0          0         72       3647   uart.o

    ----------------------------------------------------------------------
     13862       1126        532        148       7976    1101844   Object Totals
         0          0         32          0          0          0   (incl. Generated)
        24          0          0          3          4          0   (incl. Padding)

    ----------------------------------------------------------------------

      Code (inc. data)   RO Data    RW Data    ZI Data      Debug   Library Member Name

         0          0          0          0          0          0   entry.o
         0          0          0          0          0          0   entry10a.o
         0          0          0          0          0          0   entry11a.o
         8          4          0          0          0          0   entry2.o
         4          0          0          0          0          0   entry5.o
         0          0          0          0          0          0   entry7b.o
         0          0          0          0          0          0   entry8b.o
         8          4          0          0          0          0   entry9a.o
        30          0          0          0          0          0   handlers.o
        36          8          0          0          0         68   init.o
        30          0          0          0          0         68   llshl.o
        32          0          0          0          0         68   llushr.o
        36          0          0          0          0         68   memcpya.o
        36          0          0          0          0        108   memseta.o
        50          8          0          0          0        152   printfb.o
         0          0          0          4          0          0   stdout.o
        98          0          0          0          0         92   uldiv.o

    ----------------------------------------------------------------------
       370         24          0          4          0        624   Library Totals
         2          0          0          0          0          0   (incl. Padding)

    ----------------------------------------------------------------------

      Code (inc. data)   RO Data    RW Data    ZI Data      Debug   Library Name

       368         24          0          4          0        624   mc_w.l

    ----------------------------------------------------------------------
       370         24          0          4          0        624   Library Totals

    ----------------------------------------------------------------------

==============================================================================


      Code (inc. data)   RO Data    RW Data    ZI Data      Debug   

     14232       1150        532        152       7976    1090712   Grand Totals
     14232       1150        532        152       7976    1090712   ELF Image Totals
     14232       1150        532        152          0          0   ROM Totals

==============================================================================

    Total RO  Size (Code + RO Data)                14764 (  14.42kB)
    Total RW  Size (RW Data + ZI Data)              8128 (   7.94kB)
    Total ROM Size (Code + RO Data + RW Data)      14916 (  14.57kB)

==============================================================================

